Reading timing models for corner nom_tt_025C_5v00…
Reading timing library for the 'nom_tt_025C_5v00' corner at '/foss/pdks/gf180mcuD/libs.ref/gf180mcu_fd_sc_mcu7t5v0/lib/gf180mcu_fd_sc_mcu7t5v0__tt_025C_5v00.lib'…
Reading OpenROAD database at '/foss/designs/chipathon26-A20-FIR_Filter/librelane/runs/RUN_2026-08-29_07-11-43/55-odb-cellfrequencytables/system_top.odb'…
Reading design constraints file at '/foss/designs/chipathon26-A20-FIR_Filter/librelane/custom.sdc'…
[INFO] Using clock clk…
[INFO] Setting output delay to: 12.5
[INFO] Setting input delay to: 12.5
[INFO] Setting load to: 0.07291
[INFO] Setting clock uncertainty to: 0.25
[INFO] Setting clock transition to: 0.1499999999999999944488848768742172978818416595458984375
[INFO] Setting timing derate to: 5%
[INFO] Using voltage extracted from lib (5V) for power nets and 0V for ground nets…
%OL_CREATE_REPORT irdrop.rpt
+ analyze_power_grid -net VDD -voltage_file /foss/designs/chipathon26-A20-FIR_Filter/librelane/runs/RUN_2026-08-29_07-11-43/58-openroad-irdropreport/net-VDD.csv
[INFO PSM-0040] All shapes on net VDD are connected.
########## IR report #################
Net              : VDD
Corner           : nom_tt_025C_5v00
Total power      : 1.92e-02 W
Supply voltage   : 5.00e+00 V
Worstcase voltage: 5.00e+00 V
Average voltage  : 5.00e+00 V
Average IR drop  : 1.64e-05 V
Worstcase IR drop: 8.20e-05 V
Percentage drop  : 0.00 %
######################################
+ analyze_power_grid -net VSS -voltage_file /foss/designs/chipathon26-A20-FIR_Filter/librelane/runs/RUN_2026-08-29_07-11-43/58-openroad-irdropreport/net-VSS.csv
[INFO PSM-0040] All shapes on net VSS are connected.
########## IR report #################
Net              : VSS
Corner           : nom_tt_025C_5v00
Total power      : 1.92e-02 W
Supply voltage   : 0.00e+00 V
Worstcase voltage: 8.08e-05 V
Average voltage  : 1.59e-05 V
Average IR drop  : 1.59e-05 V
Worstcase IR drop: 8.08e-05 V
Percentage drop  : 0.00 %
######################################
%OL_END_REPORT
