
===========================================================================
report_checks -unconstrained
===========================================================================
======================= max_ff_n40C_5v50 Corner ===================================

Startpoint: rst_n (input port clocked by clk)
Endpoint: _14847_ (recovery check against rising-edge clock clk)
Path Group: asynchronous
Path Type: max

Fanout         Cap        Slew       Delay        Time   Description
---------------------------------------------------------------------------------------------
                                  0.000000    0.000000   clock clk (rise edge)
                                  0.000000    0.000000   clock network delay (propagated)
                                 12.500000   12.500000 ^ input external delay
     2    0.005120    0.000000    0.000000   12.500000 ^ rst_n (in)
                                                         rst_n (net)
                      0.000083    0.000034   12.500033 ^ hold662/I (gf180mcu_fd_sc_mcu7t5v0__dlyc_1)
     1    0.004008    0.096629    0.897440   13.397473 ^ hold662/Z (gf180mcu_fd_sc_mcu7t5v0__dlyc_1)
                                                         net661 (net)
                      0.096629    0.000079   13.397552 ^ input3/I (gf180mcu_fd_sc_mcu7t5v0__dlyb_1)
     3    0.034704    0.403064    0.711572   14.109125 ^ input3/Z (gf180mcu_fd_sc_mcu7t5v0__dlyb_1)
                                                         net3 (net)
                      0.403079    0.001353   14.110477 ^ _14847_/RN (gf180mcu_fd_sc_mcu7t5v0__dffrnq_1)
                                             14.110477   data arrival time

                                 62.500000   62.500000   clock clk (rise edge)
                                  0.000000   62.500000   clock source latency
     2    0.099461    0.000000    0.000000   62.500000 ^ clk (in)
                                                         clk (net)
                      0.032046    0.013110   62.513111 ^ clkbuf_0_clk/I (gf180mcu_fd_sc_mcu7t5v0__clkbuf_16)
     8    0.226021    0.174547    0.216701   62.729813 ^ clkbuf_0_clk/Z (gf180mcu_fd_sc_mcu7t5v0__clkbuf_16)
                                                         clknet_0_clk (net)
                      0.176150    0.010303   62.740116 ^ clkbuf_3_0_0_clk/I (gf180mcu_fd_sc_mcu7t5v0__clkbuf_8)
     2    0.074199    0.130052    0.216168   62.956284 ^ clkbuf_3_0_0_clk/Z (gf180mcu_fd_sc_mcu7t5v0__clkbuf_8)
                                                         clknet_3_0_0_clk (net)
                      0.130079    0.002139   62.958424 ^ clkbuf_4_1__f_clk/I (gf180mcu_fd_sc_mcu7t5v0__clkbuf_16)
     5    0.102625    0.103219    0.192117   63.150539 ^ clkbuf_4_1__f_clk/Z (gf180mcu_fd_sc_mcu7t5v0__clkbuf_16)
                                                         clknet_4_1__leaf_clk (net)
                      0.103268    0.003482   63.154022 ^ clkbuf_leaf_2_clk/I (gf180mcu_fd_sc_mcu7t5v0__clkbuf_8)
    20    0.101188    0.162639    0.221149   63.375172 ^ clkbuf_leaf_2_clk/Z (gf180mcu_fd_sc_mcu7t5v0__clkbuf_8)
                                                         clknet_leaf_2_clk (net)
                      0.162674    0.003332   63.378502 ^ _14847_/CLK (gf180mcu_fd_sc_mcu7t5v0__dffrnq_1)
                                 -0.250000   63.128506   clock uncertainty
                                  0.000000   63.128506   clock reconvergence pessimism
                                  0.096094   63.224598   library recovery time
                                             63.224598   data required time
---------------------------------------------------------------------------------------------
                                             63.224598   data required time
                                            -14.110477   data arrival time
---------------------------------------------------------------------------------------------
                                             49.114120   slack (MET)


Startpoint: _14852_ (rising edge-triggered flip-flop clocked by clk)
Endpoint: miso (output port clocked by clk)
Path Group: clk
Path Type: max

Fanout         Cap        Slew       Delay        Time   Description
---------------------------------------------------------------------------------------------
                                  0.000000    0.000000   clock clk (rise edge)
                                  0.000000    0.000000   clock source latency
     2    0.099461    0.000000    0.000000    0.000000 ^ clk (in)
                                                         clk (net)
                      0.032046    0.013108    0.013108 ^ clkbuf_0_clk/I (gf180mcu_fd_sc_mcu7t5v0__clkbuf_16)
     8    0.226021    0.174547    0.216703    0.229811 ^ clkbuf_0_clk/Z (gf180mcu_fd_sc_mcu7t5v0__clkbuf_16)
                                                         clknet_0_clk (net)
                      0.177207    0.013875    0.243686 ^ clkbuf_3_4_0_clk/I (gf180mcu_fd_sc_mcu7t5v0__clkbuf_8)
     2    0.076874    0.133227    0.218280    0.461966 ^ clkbuf_3_4_0_clk/Z (gf180mcu_fd_sc_mcu7t5v0__clkbuf_8)
                                                         clknet_3_4_0_clk (net)
                      0.133266    0.002843    0.464809 ^ clkbuf_4_9__f_clk/I (gf180mcu_fd_sc_mcu7t5v0__clkbuf_16)
     5    0.102328    0.103102    0.193170    0.657979 ^ clkbuf_4_9__f_clk/Z (gf180mcu_fd_sc_mcu7t5v0__clkbuf_16)
                                                         clknet_4_9__leaf_clk (net)
                      0.103112    0.001708    0.659687 ^ clkbuf_leaf_43_clk/I (gf180mcu_fd_sc_mcu7t5v0__clkbuf_8)
    13    0.112920    0.177461    0.231113    0.890800 ^ clkbuf_leaf_43_clk/Z (gf180mcu_fd_sc_mcu7t5v0__clkbuf_8)
                                                         clknet_leaf_43_clk (net)
                      0.177477    0.002259    0.893059 ^ _14852_/CLK (gf180mcu_fd_sc_mcu7t5v0__dffrnq_1)
     7    0.041239    0.474532    0.787296    1.680354 ^ _14852_/Q (gf180mcu_fd_sc_mcu7t5v0__dffrnq_1)
                                                         spi_inst.slave.sync_cs_n[1] (net)
                      0.474552    0.001724    1.682078 ^ _07965_/I (gf180mcu_fd_sc_mcu7t5v0__inv_1)
     3    0.015398    0.206138    0.132820    1.814898 v _07965_/ZN (gf180mcu_fd_sc_mcu7t5v0__inv_1)
                                                         net7 (net)
                      0.206138    0.000185    1.815082 v wire885/I (gf180mcu_fd_sc_mcu7t5v0__buf_1)
     2    0.032800    0.236891    0.317883    2.132965 v wire885/Z (gf180mcu_fd_sc_mcu7t5v0__buf_1)
                                                         net884 (net)
                      0.236897    0.000691    2.133655 v _08005_/A1 (gf180mcu_fd_sc_mcu7t5v0__and2_1)
     1    0.026713    0.202370    0.299141    2.432796 v _08005_/Z (gf180mcu_fd_sc_mcu7t5v0__and2_1)
                                                         _02441_ (net)
                      0.202406    0.001510    2.434306 v wire226/I (gf180mcu_fd_sc_mcu7t5v0__dlyb_1)
     1    0.025515    0.248495    0.741231    3.175537 v wire226/Z (gf180mcu_fd_sc_mcu7t5v0__dlyb_1)
                                                         net226 (net)
                      0.248496    0.001573    3.177110 v wire225/I (gf180mcu_fd_sc_mcu7t5v0__clkbuf_1)
     1    0.013765    0.165000    0.228293    3.405404 v wire225/Z (gf180mcu_fd_sc_mcu7t5v0__clkbuf_1)
                                                         net225 (net)
                      0.165005    0.000542    3.405945 v wire818/I (gf180mcu_fd_sc_mcu7t5v0__clkbuf_1)
     1    0.027322    0.294691    0.293164    3.699110 v wire818/Z (gf180mcu_fd_sc_mcu7t5v0__clkbuf_1)
                                                         net817 (net)
                      0.294725    0.001794    3.700903 v _08006_/I (gf180mcu_fd_sc_mcu7t5v0__buf_1)
     1    0.003458    0.071243    0.218023    3.918927 v _08006_/Z (gf180mcu_fd_sc_mcu7t5v0__buf_1)
                                                         net6 (net)
                      0.071243    0.000036    3.918963 v output6/I (gf180mcu_fd_sc_mcu7t5v0__dlyb_1)
     1    0.073755    0.527830    0.906797    4.825760 v output6/Z (gf180mcu_fd_sc_mcu7t5v0__dlyb_1)
                                                         miso (net)
                      0.527832    0.000570    4.826330 v miso (out)
                                              4.826330   data arrival time

                                 62.500000   62.500000   clock clk (rise edge)
                                  0.000000   62.500000   clock network delay (propagated)
                                 -0.250000   62.250004   clock uncertainty
                                  0.000000   62.250004   clock reconvergence pessimism
                                -12.500000   49.750004   output external delay
                                             49.750004   data required time
---------------------------------------------------------------------------------------------
                                             49.750004   data required time
                                             -4.826330   data arrival time
---------------------------------------------------------------------------------------------
                                             44.923676   slack (MET)




===========================================================================
report_checks --slack_max -0.01
============================================================================
======================= max_ff_n40C_5v50 Corner ===================================

No paths found.


===========================================================================
 report_check_types -max_slew -max_cap -max_fanout -violators
============================================================================
======================= max_ff_n40C_5v50 Corner ===================================

max fanout

Pin                                   Limit Fanout  Slack
---------------------------------------------------------
clkbuf_leaf_63_clk/Z                     10     21    -11 (VIOLATED)
clkbuf_leaf_0_clk/Z                      10     20    -10 (VIOLATED)
clkbuf_leaf_13_clk/Z                     10     20    -10 (VIOLATED)
clkbuf_leaf_2_clk/Z                      10     20    -10 (VIOLATED)
clkbuf_leaf_39_clk/Z                     10     20    -10 (VIOLATED)
clkbuf_leaf_40_clk/Z                     10     20    -10 (VIOLATED)
clkbuf_leaf_41_clk/Z                     10     20    -10 (VIOLATED)
clkbuf_leaf_51_clk/Z                     10     20    -10 (VIOLATED)
clkbuf_leaf_54_clk/Z                     10     20    -10 (VIOLATED)
clkbuf_leaf_65_clk/Z                     10     20    -10 (VIOLATED)
clkbuf_leaf_68_clk/Z                     10     20    -10 (VIOLATED)
clkbuf_leaf_18_clk/Z                     10     19     -9 (VIOLATED)
clkbuf_leaf_19_clk/Z                     10     19     -9 (VIOLATED)
clkbuf_leaf_21_clk/Z                     10     19     -9 (VIOLATED)
clkbuf_leaf_23_clk/Z                     10     19     -9 (VIOLATED)
clkbuf_leaf_31_clk/Z                     10     19     -9 (VIOLATED)
clkbuf_leaf_32_clk/Z                     10     19     -9 (VIOLATED)
clkbuf_leaf_36_clk/Z                     10     19     -9 (VIOLATED)
clkbuf_leaf_37_clk/Z                     10     19     -9 (VIOLATED)
clkbuf_leaf_38_clk/Z                     10     19     -9 (VIOLATED)
clkbuf_leaf_44_clk/Z                     10     19     -9 (VIOLATED)
clkbuf_leaf_46_clk/Z                     10     19     -9 (VIOLATED)
clkbuf_leaf_47_clk/Z                     10     19     -9 (VIOLATED)
clkbuf_leaf_48_clk/Z                     10     19     -9 (VIOLATED)
clkbuf_leaf_49_clk/Z                     10     19     -9 (VIOLATED)
clkbuf_leaf_4_clk/Z                      10     19     -9 (VIOLATED)
clkbuf_leaf_50_clk/Z                     10     19     -9 (VIOLATED)
clkbuf_leaf_53_clk/Z                     10     19     -9 (VIOLATED)
clkbuf_leaf_5_clk/Z                      10     19     -9 (VIOLATED)
clkbuf_leaf_64_clk/Z                     10     19     -9 (VIOLATED)
clkbuf_leaf_72_clk/Z                     10     19     -9 (VIOLATED)
clkbuf_leaf_73_clk/Z                     10     19     -9 (VIOLATED)
clkbuf_leaf_7_clk/Z                      10     19     -9 (VIOLATED)
clkbuf_leaf_10_clk/Z                     10     18     -8 (VIOLATED)
clkbuf_leaf_11_clk/Z                     10     18     -8 (VIOLATED)
clkbuf_leaf_16_clk/Z                     10     18     -8 (VIOLATED)
clkbuf_leaf_22_clk/Z                     10     18     -8 (VIOLATED)
clkbuf_leaf_30_clk/Z                     10     18     -8 (VIOLATED)
clkbuf_leaf_33_clk/Z                     10     18     -8 (VIOLATED)
clkbuf_leaf_34_clk/Z                     10     18     -8 (VIOLATED)
clkbuf_leaf_45_clk/Z                     10     18     -8 (VIOLATED)
clkbuf_leaf_52_clk/Z                     10     18     -8 (VIOLATED)
clkbuf_leaf_59_clk/Z                     10     18     -8 (VIOLATED)
clkbuf_leaf_61_clk/Z                     10     18     -8 (VIOLATED)
clkbuf_leaf_66_clk/Z                     10     18     -8 (VIOLATED)
clkbuf_leaf_67_clk/Z                     10     18     -8 (VIOLATED)
clkbuf_leaf_69_clk/Z                     10     18     -8 (VIOLATED)
clkbuf_leaf_6_clk/Z                      10     18     -8 (VIOLATED)
clkbuf_leaf_70_clk/Z                     10     18     -8 (VIOLATED)
clkbuf_leaf_71_clk/Z                     10     18     -8 (VIOLATED)
clkbuf_leaf_74_clk/Z                     10     18     -8 (VIOLATED)
clkbuf_leaf_75_clk/Z                     10     18     -8 (VIOLATED)
clkbuf_leaf_12_clk/Z                     10     17     -7 (VIOLATED)
clkbuf_leaf_14_clk/Z                     10     17     -7 (VIOLATED)
clkbuf_leaf_15_clk/Z                     10     17     -7 (VIOLATED)
clkbuf_leaf_1_clk/Z                      10     17     -7 (VIOLATED)
clkbuf_leaf_20_clk/Z                     10     17     -7 (VIOLATED)
clkbuf_leaf_25_clk/Z                     10     17     -7 (VIOLATED)
clkbuf_leaf_26_clk/Z                     10     17     -7 (VIOLATED)
clkbuf_leaf_27_clk/Z                     10     17     -7 (VIOLATED)
clkbuf_leaf_28_clk/Z                     10     17     -7 (VIOLATED)
clkbuf_leaf_29_clk/Z                     10     17     -7 (VIOLATED)
clkbuf_leaf_35_clk/Z                     10     17     -7 (VIOLATED)
clkbuf_leaf_42_clk/Z                     10     17     -7 (VIOLATED)
clkbuf_leaf_55_clk/Z                     10     17     -7 (VIOLATED)
clkbuf_leaf_57_clk/Z                     10     17     -7 (VIOLATED)
clkbuf_leaf_62_clk/Z                     10     17     -7 (VIOLATED)
clkbuf_leaf_17_clk/Z                     10     16     -6 (VIOLATED)
clkbuf_leaf_60_clk/Z                     10     16     -6 (VIOLATED)
clkbuf_leaf_8_clk/Z                      10     16     -6 (VIOLATED)
clkbuf_leaf_9_clk/Z                      10     16     -6 (VIOLATED)
clkbuf_leaf_24_clk/Z                     10     14     -4 (VIOLATED)
clkbuf_leaf_3_clk/Z                      10     13     -3 (VIOLATED)
clkbuf_leaf_43_clk/Z                     10     13     -3 (VIOLATED)
clkbuf_leaf_76_clk/Z                     10     13     -3 (VIOLATED)
clkbuf_leaf_58_clk/Z                     10     12     -2 (VIOLATED)



===========================================================================
report_parasitic_annotation -report_unannotated
============================================================================
Found 64 unannotated drivers.
 _14978_/Z
 _14979_/Z
 clkload0/Z
 clkload1/Z
 clkload10/Z
 clkload11/Z
 clkload12/Z
 clkload13/Z
 clkload14/ZN
 clkload15/ZN
 clkload16/ZN
 clkload17/ZN
 clkload18/ZN
 clkload19/Z
 clkload2/Z
 clkload20/ZN
 clkload21/Z
 clkload22/ZN
 clkload23/ZN
 clkload24/ZN
 clkload25/ZN
 clkload26/Z
 clkload27/ZN
 clkload28/Z
 clkload29/ZN
 clkload3/Z
 clkload30/ZN
 clkload31/Z
 clkload32/Z
 clkload33/ZN
 clkload34/Z
 clkload35/Z
 clkload36/ZN
 clkload37/ZN
 clkload38/ZN
 clkload39/ZN
 clkload4/ZN
 clkload40/Z
 clkload41/ZN
 clkload42/Z
 clkload43/ZN
 clkload44/ZN
 clkload45/ZN
 clkload46/ZN
 clkload47/ZN
 clkload48/Z
 clkload49/Z
 clkload5/ZN
 clkload50/Z
 clkload51/ZN
 clkload52/ZN
 clkload53/ZN
 clkload54/ZN
 clkload55/ZN
 clkload56/Z
 clkload57/ZN
 clkload58/ZN
 clkload59/ZN
 clkload6/ZN
 clkload60/ZN
 clkload61/Z
 clkload7/Z
 clkload8/Z
 clkload9/ZN
Found 0 partially unannotated drivers.

===========================================================================
max slew violation count 0
max fanout violation count 76
max cap violation count 0
============================================================================

===========================================================================
check_setup -verbose -unconstrained_endpoints -multiple_clock -no_clock -no_input_delay -loops -generated_clocks
===========================================================================
