Clock: clk
Sources: clk 
Generated: no
Virtual: yes
Propagated: no
Period: 62.500000

===========================================================================
report_clock_properties
============================================================================
Clock                   Period          Waveform
----------------------------------------------------
clk                  62.500000    0.000000 31.250000

===========================================================================
report_clock_latency
============================================================================
Clock clk
rise -> rise
    min     max
0.000000 0.000000 source latency
0.855625         network latency _14794_/CLK
        0.940605 network latency _14887_/CLK
---------------
0.855625 0.940605 latency
        0.084981 skew

fall -> fall
    min     max
0.000000 0.000000 source latency
0.890658         network latency _14794_/CLK
        0.983228 network latency _14887_/CLK
---------------
0.890658 0.983228 latency
        0.092570 skew



===========================================================================
report_clock_min_period
============================================================================
clk period_min = 14.64 fmax = 68.29
