Clock: clk
Sources: clk 
Generated: no
Virtual: yes
Propagated: no
Period: 62.500000

===========================================================================
report_clock_properties
============================================================================
Clock                   Period          Waveform
----------------------------------------------------
clk                  62.500000    0.000000 31.250000

===========================================================================
report_clock_latency
============================================================================
Clock clk
rise -> rise
    min     max
0.000000 0.000000 source latency
1.267460         network latency _14794_/CLK
        1.365362 network latency _14887_/CLK
---------------
1.267460 1.365362 latency
        0.097901 skew

fall -> fall
    min     max
0.000000 0.000000 source latency
1.325070         network latency _14794_/CLK
        1.435232 network latency _14887_/CLK
---------------
1.325070 1.435232 latency
        0.110163 skew



===========================================================================
report_clock_min_period
============================================================================
clk period_min = 21.73 fmax = 46.01
