[WARNING ORD-0039] .openroad ignored with -python
Unannotated report:
['report_parasitic_annotation -report_unannotated\n',
 '============================================================================\n',
 'Found 61 unannotated drivers.\n',
 ' _14978_/Z\n',
 ' _14979_/Z\n',
 ' clkload0/Z\n',
 ' clkload1/Z\n',
 ' clkload10/Z\n',
 ' clkload11/ZN\n',
 ' clkload12/ZN\n',
 ' clkload13/ZN\n',
 ' clkload14/ZN\n',
 ' clkload15/Z\n',
 ' clkload16/Z\n',
 ' clkload17/Z\n',
 ' clkload18/ZN\n',
 ' clkload19/ZN\n',
 ' clkload2/Z\n',
 ' clkload20/Z\n',
 ' clkload21/ZN\n',
 ' clkload22/ZN\n',
 ' clkload23/Z\n',
 ' clkload24/ZN\n',
 ' clkload25/Z\n',
 ' clkload26/ZN\n',
 ' clkload27/Z\n',
 ' clkload28/ZN\n',
 ' clkload29/Z\n',
 ' clkload3/Z\n',
 ' clkload30/Z\n',
 ' clkload31/ZN\n',
 ' clkload32/Z\n',
 ' clkload33/ZN\n',
 ' clkload34/ZN\n',
 ' clkload35/ZN\n',
 ' clkload36/ZN\n',
 ' clkload37/Z\n',
 ' clkload38/Z\n',
 ' clkload39/ZN\n',
 ' clkload4/Z\n',
 ' clkload40/ZN\n',
 ' clkload41/Z\n',
 ' clkload42/ZN\n',
 ' clkload43/ZN\n',
 ' clkload44/ZN\n',
 ' clkload45/ZN\n',
 ' clkload46/ZN\n',
 ' clkload47/ZN\n',
 ' clkload48/Z\n',
 ' clkload49/Z\n',
 ' clkload5/Z\n',
 ' clkload50/ZN\n',
 ' clkload51/Z\n',
 ' clkload52/Z\n',
 ' clkload53/Z\n',
 ' clkload54/ZN\n',
 ' clkload55/ZN\n',
 ' clkload56/ZN\n',
 ' clkload57/Z\n',
 ' clkload58/ZN\n',
 ' clkload6/Z\n',
 ' clkload7/Z\n',
 ' clkload8/ZN\n',
 ' clkload9/Z\n',
 'Found 0 partially unannotated drivers.\n',
 '\n']
Reported nets:
['_14978_/Z',
 '_14979_/Z',
 'clkload0/Z',
 'clkload1/Z',
 'clkload10/Z',
 'clkload11/ZN',
 'clkload12/ZN',
 'clkload13/ZN',
 'clkload14/ZN',
 'clkload15/Z',
 'clkload16/Z',
 'clkload17/Z',
 'clkload18/ZN',
 'clkload19/ZN',
 'clkload2/Z',
 'clkload20/Z',
 'clkload21/ZN',
 'clkload22/ZN',
 'clkload23/Z',
 'clkload24/ZN',
 'clkload25/Z',
 'clkload26/ZN',
 'clkload27/Z',
 'clkload28/ZN',
 'clkload29/Z',
 'clkload3/Z',
 'clkload30/Z',
 'clkload31/ZN',
 'clkload32/Z',
 'clkload33/ZN',
 'clkload34/ZN',
 'clkload35/ZN',
 'clkload36/ZN',
 'clkload37/Z',
 'clkload38/Z',
 'clkload39/ZN',
 'clkload4/Z',
 'clkload40/ZN',
 'clkload41/Z',
 'clkload42/ZN',
 'clkload43/ZN',
 'clkload44/ZN',
 'clkload45/ZN',
 'clkload46/ZN',
 'clkload47/ZN',
 'clkload48/Z',
 'clkload49/Z',
 'clkload5/Z',
 'clkload50/ZN',
 'clkload51/Z',
 'clkload52/Z',
 'clkload53/Z',
 'clkload54/ZN',
 'clkload55/ZN',
 'clkload56/ZN',
 'clkload57/Z',
 'clkload58/ZN',
 'clkload6/Z',
 'clkload7/Z',
 'clkload8/ZN',
 'clkload9/Z']
Filtered nets:
[]
done
