
===========================================================================
 report_power
============================================================================
======================= min_tt_025C_5v00 Corner ===================================

Group                    Internal    Switching      Leakage        Total
                            Power        Power        Power        Power (Watts)
------------------------------------------------------------------------
Sequential           1.148146e-02 2.728793e-05 5.488197e-07 1.150930e-02  60.7%
Combinational        5.157163e-05 4.547158e-05 1.058482e-06 9.810169e-05   0.5%
Clock                3.480433e-03 3.877447e-03 9.445284e-07 7.358825e-03  38.8%
Macro                0.000000e+00 0.000000e+00 0.000000e+00 0.000000e+00   0.0%
Pad                  0.000000e+00 0.000000e+00 0.000000e+00 0.000000e+00   0.0%
------------------------------------------------------------------------
Total                1.501347e-02 3.950207e-03 2.551790e-06 1.896623e-02 100.0%
                            79.2%        20.8%         0.0%

