
===========================================================================
 report_power
============================================================================
======================= min_tt_025C_5v00 Corner ===================================

Group                    Internal    Switching      Leakage        Total
                            Power        Power        Power        Power (Watts)
------------------------------------------------------------------------
Sequential           1.147727e-02 2.434525e-05 5.488197e-07 1.150217e-02  60.4%
Combinational        5.295201e-05 4.914835e-05 1.057834e-06 1.031582e-04   0.5%
Clock                3.525771e-03 3.908216e-03 9.435720e-07 7.434931e-03  39.0%
Macro                0.000000e+00 0.000000e+00 0.000000e+00 0.000000e+00   0.0%
Pad                  0.000000e+00 0.000000e+00 0.000000e+00 0.000000e+00   0.0%
------------------------------------------------------------------------
Total                1.505600e-02 3.981709e-03 2.550184e-06 1.904026e-02 100.0%
                            79.1%        20.9%         0.0%

