Clock: clk
Sources: clk 
Generated: no
Virtual: yes
Propagated: no
Period: 62.500000

===========================================================================
report_clock_properties
============================================================================
Clock                   Period          Waveform
----------------------------------------------------
clk                  62.500000    0.000000 31.250000

===========================================================================
report_clock_latency
============================================================================
Clock clk
rise -> rise
    min     max
0.000000 0.000000 source latency
2.321191         network latency _14924_/CLK
        2.495040 network latency _14311_/CLK
---------------
2.321191 2.495040 latency
        0.173849 skew

fall -> fall
    min     max
0.000000 0.000000 source latency
2.434646         network latency _14924_/CLK
        2.636057 network latency _14311_/CLK
---------------
2.434646 2.636057 latency
        0.201410 skew



===========================================================================
report_clock_min_period
============================================================================
clk period_min = 40.56 fmax = 24.65
