Clock: clk
Sources: clk 
Generated: no
Virtual: yes
Propagated: no
Period: 62.500000

===========================================================================
report_clock_properties
============================================================================
Clock                   Period          Waveform
----------------------------------------------------
clk                  62.500000    0.000000 31.250000

===========================================================================
report_clock_latency
============================================================================
Clock clk
rise -> rise
    min     max
0.000000 0.000000 source latency
2.332485         network latency _14794_/CLK
        2.549810 network latency _14887_/CLK
---------------
2.332485 2.549810 latency
        0.217325 skew

fall -> fall
    min     max
0.000000 0.000000 source latency
2.447312         network latency _14794_/CLK
        2.693746 network latency _14887_/CLK
---------------
2.447312 2.693746 latency
        0.246434 skew



===========================================================================
report_clock_min_period
============================================================================
clk period_min = 42.51 fmax = 23.53
