Clock: clk
Sources: clk 
Generated: no
Virtual: yes
Propagated: no
Period: 62.500000

===========================================================================
report_clock_properties
============================================================================
Clock                   Period          Waveform
----------------------------------------------------
clk                  62.500000    0.000000 31.250000

===========================================================================
report_clock_latency
============================================================================
Clock clk
rise -> rise
    min     max
0.000000 0.000000 source latency
0.851375         network latency _14924_/CLK
        0.918358 network latency _14311_/CLK
---------------
0.851375 0.918358 latency
        0.066983 skew

fall -> fall
    min     max
0.000000 0.000000 source latency
0.885844         network latency _14924_/CLK
        0.960618 network latency _14311_/CLK
---------------
0.885844 0.960618 latency
        0.074774 skew



===========================================================================
report_clock_min_period
============================================================================
clk period_min = 14.45 fmax = 69.21
