
===========================================================================
 report_power
============================================================================
======================= max_ff_n40C_5v50 Corner ===================================

Group                    Internal    Switching      Leakage        Total
                            Power        Power        Power        Power (Watts)
------------------------------------------------------------------------
Sequential           1.427671e-02 3.092756e-05 6.673413e-07 1.430831e-02  59.3%
Combinational        6.801388e-05 6.399851e-05 1.277014e-06 1.332894e-04   0.6%
Clock                4.506698e-03 5.176086e-03 1.140765e-06 9.683925e-03  40.1%
Macro                0.000000e+00 0.000000e+00 0.000000e+00 0.000000e+00   0.0%
Pad                  0.000000e+00 0.000000e+00 0.000000e+00 0.000000e+00   0.0%
------------------------------------------------------------------------
Total                1.885143e-02 5.271012e-03 3.085156e-06 2.412553e-02 100.0%
                            78.1%        21.8%         0.0%

