Clock: clk
Sources: clk 
Generated: no
Virtual: yes
Propagated: no
Period: 62.500000

===========================================================================
report_clock_properties
============================================================================
Clock                   Period          Waveform
----------------------------------------------------
clk                  62.500000    0.000000 31.250000

===========================================================================
report_clock_latency
============================================================================
Clock clk
rise -> rise
    min     max
0.000000 0.000000 source latency
0.838135         network latency _14794_/CLK
        0.912475 network latency _14887_/CLK
---------------
0.838135 0.912475 latency
        0.074339 skew

fall -> fall
    min     max
0.000000 0.000000 source latency
0.871353         network latency _14794_/CLK
        0.952589 network latency _14887_/CLK
---------------
0.871353 0.952589 latency
        0.081236 skew



===========================================================================
report_clock_min_period
============================================================================
clk period_min = 14.11 fmax = 70.87
