[WARNING ORD-0039] .openroad ignored with -python
Unannotated report:
['report_parasitic_annotation -report_unannotated\n',
 '============================================================================\n',
 'Found 64 unannotated drivers.\n',
 ' _14978_/Z\n',
 ' _14979_/Z\n',
 ' clkload0/Z\n',
 ' clkload1/Z\n',
 ' clkload10/Z\n',
 ' clkload11/Z\n',
 ' clkload12/Z\n',
 ' clkload13/Z\n',
 ' clkload14/ZN\n',
 ' clkload15/ZN\n',
 ' clkload16/ZN\n',
 ' clkload17/ZN\n',
 ' clkload18/ZN\n',
 ' clkload19/Z\n',
 ' clkload2/Z\n',
 ' clkload20/ZN\n',
 ' clkload21/Z\n',
 ' clkload22/ZN\n',
 ' clkload23/ZN\n',
 ' clkload24/ZN\n',
 ' clkload25/ZN\n',
 ' clkload26/Z\n',
 ' clkload27/ZN\n',
 ' clkload28/Z\n',
 ' clkload29/ZN\n',
 ' clkload3/Z\n',
 ' clkload30/ZN\n',
 ' clkload31/Z\n',
 ' clkload32/Z\n',
 ' clkload33/ZN\n',
 ' clkload34/Z\n',
 ' clkload35/Z\n',
 ' clkload36/ZN\n',
 ' clkload37/ZN\n',
 ' clkload38/ZN\n',
 ' clkload39/ZN\n',
 ' clkload4/ZN\n',
 ' clkload40/Z\n',
 ' clkload41/ZN\n',
 ' clkload42/Z\n',
 ' clkload43/ZN\n',
 ' clkload44/ZN\n',
 ' clkload45/ZN\n',
 ' clkload46/ZN\n',
 ' clkload47/ZN\n',
 ' clkload48/Z\n',
 ' clkload49/Z\n',
 ' clkload5/ZN\n',
 ' clkload50/Z\n',
 ' clkload51/ZN\n',
 ' clkload52/ZN\n',
 ' clkload53/ZN\n',
 ' clkload54/ZN\n',
 ' clkload55/ZN\n',
 ' clkload56/Z\n',
 ' clkload57/ZN\n',
 ' clkload58/ZN\n',
 ' clkload59/ZN\n',
 ' clkload6/ZN\n',
 ' clkload60/ZN\n',
 ' clkload61/Z\n',
 ' clkload7/Z\n',
 ' clkload8/Z\n',
 ' clkload9/ZN\n',
 'Found 0 partially unannotated drivers.\n',
 '\n']
Reported nets:
['_14978_/Z',
 '_14979_/Z',
 'clkload0/Z',
 'clkload1/Z',
 'clkload10/Z',
 'clkload11/Z',
 'clkload12/Z',
 'clkload13/Z',
 'clkload14/ZN',
 'clkload15/ZN',
 'clkload16/ZN',
 'clkload17/ZN',
 'clkload18/ZN',
 'clkload19/Z',
 'clkload2/Z',
 'clkload20/ZN',
 'clkload21/Z',
 'clkload22/ZN',
 'clkload23/ZN',
 'clkload24/ZN',
 'clkload25/ZN',
 'clkload26/Z',
 'clkload27/ZN',
 'clkload28/Z',
 'clkload29/ZN',
 'clkload3/Z',
 'clkload30/ZN',
 'clkload31/Z',
 'clkload32/Z',
 'clkload33/ZN',
 'clkload34/Z',
 'clkload35/Z',
 'clkload36/ZN',
 'clkload37/ZN',
 'clkload38/ZN',
 'clkload39/ZN',
 'clkload4/ZN',
 'clkload40/Z',
 'clkload41/ZN',
 'clkload42/Z',
 'clkload43/ZN',
 'clkload44/ZN',
 'clkload45/ZN',
 'clkload46/ZN',
 'clkload47/ZN',
 'clkload48/Z',
 'clkload49/Z',
 'clkload5/ZN',
 'clkload50/Z',
 'clkload51/ZN',
 'clkload52/ZN',
 'clkload53/ZN',
 'clkload54/ZN',
 'clkload55/ZN',
 'clkload56/Z',
 'clkload57/ZN',
 'clkload58/ZN',
 'clkload59/ZN',
 'clkload6/ZN',
 'clkload60/ZN',
 'clkload61/Z',
 'clkload7/Z',
 'clkload8/Z',
 'clkload9/ZN']
Filtered nets:
[]
done
