
===========================================================================
 report_power
============================================================================
======================= nom_ff_n40C_5v50 Corner ===================================

Group                    Internal    Switching      Leakage        Total
                            Power        Power        Power        Power (Watts)
------------------------------------------------------------------------
Sequential           1.422415e-02 3.003258e-05 6.673413e-07 1.425485e-02  59.9%
Combinational        6.760110e-05 6.141001e-05 1.277014e-06 1.302881e-04   0.5%
Clock                4.494995e-03 4.930658e-03 1.140765e-06 9.426794e-03  39.6%
Macro                0.000000e+00 0.000000e+00 0.000000e+00 0.000000e+00   0.0%
Pad                  0.000000e+00 0.000000e+00 0.000000e+00 0.000000e+00   0.0%
------------------------------------------------------------------------
Total                1.878676e-02 5.022101e-03 3.085156e-06 2.381194e-02 100.0%
                            78.9%        21.1%         0.0%

