
===========================================================================
 report_power
============================================================================
======================= max_ss_125C_4v50 Corner ===================================

Group                    Internal    Switching      Leakage        Total
                            Power        Power        Power        Power (Watts)
------------------------------------------------------------------------
Sequential           9.464869e-03 2.112062e-05 1.553169e-06 9.487543e-03  59.7%
Combinational        4.228949e-05 4.345960e-05 5.051633e-06 9.080073e-05   0.6%
Clock                2.809229e-03 3.486453e-03 9.917096e-06 6.305599e-03  39.7%
Macro                0.000000e+00 0.000000e+00 0.000000e+00 0.000000e+00   0.0%
Pad                  0.000000e+00 0.000000e+00 0.000000e+00 0.000000e+00   0.0%
------------------------------------------------------------------------
Total                1.231640e-02 3.551033e-03 1.652198e-05 1.588395e-02 100.0%
                            77.5%        22.4%         0.1%

