Clock: clk
Sources: clk 
Generated: no
Virtual: yes
Propagated: no
Period: 62.500000

===========================================================================
report_clock_properties
============================================================================
Clock                   Period          Waveform
----------------------------------------------------
clk                  62.500000    0.000000 31.250000

===========================================================================
report_clock_latency
============================================================================
Clock clk
rise -> rise
    min     max
0.000000 0.000000 source latency
2.280100         network latency _14924_/CLK
        2.430489 network latency _14311_/CLK
---------------
2.280100 2.430489 latency
        0.150389 skew

fall -> fall
    min     max
0.000000 0.000000 source latency
2.387640         network latency _14924_/CLK
        2.561990 network latency _14311_/CLK
---------------
2.387640 2.561990 latency
        0.174349 skew



===========================================================================
report_clock_min_period
============================================================================
clk period_min = 38.96 fmax = 25.66
