
===========================================================================
report_checks -unconstrained
===========================================================================
======================= max_tt_025C_5v00 Corner ===================================

Startpoint: rst_n (input port clocked by clk)
Endpoint: _14847_ (recovery check against rising-edge clock clk)
Path Group: asynchronous
Path Type: max

Fanout         Cap        Slew       Delay        Time   Description
---------------------------------------------------------------------------------------------
                                  0.000000    0.000000   clock clk (rise edge)
                                  0.000000    0.000000   clock network delay (propagated)
                                 12.500000   12.500000 ^ input external delay
     2    0.005236    0.000000    0.000000   12.500000 ^ rst_n (in)
                                                         rst_n (net)
                      0.000085    0.000035   12.500034 ^ hold662/I (gf180mcu_fd_sc_mcu7t5v0__dlyc_1)
     1    0.003999    0.154475    1.527502   14.027536 ^ hold662/Z (gf180mcu_fd_sc_mcu7t5v0__dlyc_1)
                                                         net661 (net)
                      0.154475    0.000079   14.027615 ^ input3/I (gf180mcu_fd_sc_mcu7t5v0__dlyb_1)
     3    0.034479    0.609121    1.160785   15.188400 ^ input3/Z (gf180mcu_fd_sc_mcu7t5v0__dlyb_1)
                                                         net3 (net)
                      0.609131    0.001343   15.189743 ^ _14847_/RN (gf180mcu_fd_sc_mcu7t5v0__dffrnq_1)
                                             15.189743   data arrival time

                                 62.500000   62.500000   clock clk (rise edge)
                                  0.000000   62.500000   clock source latency
     2    0.099575    0.000000    0.000000   62.500000 ^ clk (in)
                                                         clk (net)
                      0.032101    0.013131   62.513134 ^ clkbuf_0_clk/I (gf180mcu_fd_sc_mcu7t5v0__clkbuf_16)
     8    0.225621    0.270391    0.334815   62.847946 ^ clkbuf_0_clk/Z (gf180mcu_fd_sc_mcu7t5v0__clkbuf_16)
                                                         clknet_0_clk (net)
                      0.270942    0.010317   62.858265 ^ clkbuf_3_0_0_clk/I (gf180mcu_fd_sc_mcu7t5v0__clkbuf_8)
     2    0.074179    0.200448    0.335874   63.194138 ^ clkbuf_3_0_0_clk/Z (gf180mcu_fd_sc_mcu7t5v0__clkbuf_8)
                                                         clknet_3_0_0_clk (net)
                      0.200455    0.002146   63.196285 ^ clkbuf_4_1__f_clk/I (gf180mcu_fd_sc_mcu7t5v0__clkbuf_16)
     5    0.102375    0.160261    0.299529   63.495811 ^ clkbuf_4_1__f_clk/Z (gf180mcu_fd_sc_mcu7t5v0__clkbuf_16)
                                                         clknet_4_1__leaf_clk (net)
                      0.160289    0.003475   63.499287 ^ clkbuf_leaf_2_clk/I (gf180mcu_fd_sc_mcu7t5v0__clkbuf_8)
    20    0.101320    0.248869    0.343199   63.842487 ^ clkbuf_leaf_2_clk/Z (gf180mcu_fd_sc_mcu7t5v0__clkbuf_8)
                                                         clknet_leaf_2_clk (net)
                      0.248889    0.003340   63.845825 ^ _14847_/CLK (gf180mcu_fd_sc_mcu7t5v0__dffrnq_1)
                                 -0.250000   63.595829   clock uncertainty
                                  0.000000   63.595829   clock reconvergence pessimism
                                  0.192991   63.788818   library recovery time
                                             63.788818   data required time
---------------------------------------------------------------------------------------------
                                             63.788818   data required time
                                            -15.189743   data arrival time
---------------------------------------------------------------------------------------------
                                             48.599079   slack (MET)


Startpoint: _14873_ (rising edge-triggered flip-flop clocked by clk)
Endpoint: _14894_ (rising edge-triggered flip-flop clocked by clk)
Path Group: clk
Path Type: max

Fanout         Cap        Slew       Delay        Time   Description
---------------------------------------------------------------------------------------------
                                  0.000000    0.000000   clock clk (rise edge)
                                  0.000000    0.000000   clock source latency
     2    0.099575    0.000000    0.000000    0.000000 ^ clk (in)
                                                         clk (net)
                      0.032101    0.013130    0.013130 ^ clkbuf_0_clk/I (gf180mcu_fd_sc_mcu7t5v0__clkbuf_16)
     8    0.225621    0.270391    0.334813    0.347944 ^ clkbuf_0_clk/Z (gf180mcu_fd_sc_mcu7t5v0__clkbuf_16)
                                                         clknet_0_clk (net)
                      0.270953    0.010403    0.358347 ^ clkbuf_3_7_0_clk/I (gf180mcu_fd_sc_mcu7t5v0__clkbuf_8)
     2    0.073441    0.199101    0.335013    0.693360 ^ clkbuf_3_7_0_clk/Z (gf180mcu_fd_sc_mcu7t5v0__clkbuf_8)
                                                         clknet_3_7_0_clk (net)
                      0.199109    0.002333    0.695693 ^ clkbuf_4_14__f_clk/I (gf180mcu_fd_sc_mcu7t5v0__clkbuf_16)
     5    0.091294    0.150995    0.292519    0.988212 ^ clkbuf_4_14__f_clk/Z (gf180mcu_fd_sc_mcu7t5v0__clkbuf_16)
                                                         clknet_4_14__leaf_clk (net)
                      0.150999    0.001351    0.989562 ^ clkbuf_leaf_56_clk/I (gf180mcu_fd_sc_mcu7t5v0__clkbuf_8)
     7    0.116852    0.278292    0.360478    1.350041 ^ clkbuf_leaf_56_clk/Z (gf180mcu_fd_sc_mcu7t5v0__clkbuf_8)
                                                         clknet_leaf_56_clk (net)
                      0.278292    0.000307    1.350348 ^ _14873_/CLK (gf180mcu_fd_sc_mcu7t5v0__dffrnq_1)
     3    0.016775    0.214013    0.806950    2.157297 v _14873_/Q (gf180mcu_fd_sc_mcu7t5v0__dffrnq_1)
                                                         fir_inst.control.cnt[0] (net)
                      0.214013    0.000122    2.157419 v max_length365/I (gf180mcu_fd_sc_mcu7t5v0__buf_2)
     1    0.007347    0.090094    0.237037    2.394457 v max_length365/Z (gf180mcu_fd_sc_mcu7t5v0__buf_2)
                                                         net365 (net)
                      0.090094    0.000164    2.394621 v wire864/I (gf180mcu_fd_sc_mcu7t5v0__clkbuf_1)
     1    0.043607    0.695176    0.562700    2.957321 v wire864/Z (gf180mcu_fd_sc_mcu7t5v0__clkbuf_1)
                                                         net863 (net)
                      0.695220    0.003153    2.960474 v fanout359/I (gf180mcu_fd_sc_mcu7t5v0__dlyb_1)
     5    0.084395    0.902830    1.747462    4.707936 v fanout359/Z (gf180mcu_fd_sc_mcu7t5v0__dlyb_1)
                                                         net359 (net)
                      0.902839    0.001585    4.709522 v fanout355/I (gf180mcu_fd_sc_mcu7t5v0__dlyb_1)
    10    0.106702    1.099809    1.954787    6.664310 v fanout355/Z (gf180mcu_fd_sc_mcu7t5v0__dlyb_1)
                                                         net355 (net)
                      1.099887    0.005267    6.669576 v fanout353/I (gf180mcu_fd_sc_mcu7t5v0__dlyb_1)
    10    0.111318    1.141465    2.047689    8.717265 v fanout353/Z (gf180mcu_fd_sc_mcu7t5v0__dlyb_1)
                                                         net353 (net)
                      1.141469    0.001151    8.718416 v _06842_/I (gf180mcu_fd_sc_mcu7t5v0__clkinv_1)
     3    0.017357    0.508185    0.466357    9.184773 ^ _06842_/ZN (gf180mcu_fd_sc_mcu7t5v0__clkinv_1)
                                                         _01305_ (net)
                      0.508185    0.000345    9.185118 ^ _06855_/A2 (gf180mcu_fd_sc_mcu7t5v0__nand2_1)
     5    0.059860    0.916603    0.623059    9.808177 v _06855_/ZN (gf180mcu_fd_sc_mcu7t5v0__nand2_1)
                                                         _01318_ (net)
                      0.916615    0.001887    9.810064 v _06856_/I (gf180mcu_fd_sc_mcu7t5v0__buf_1)
    10    0.106346    1.048677    1.095765   10.905829 v _06856_/Z (gf180mcu_fd_sc_mcu7t5v0__buf_1)
                                                         _01319_ (net)
                      1.048677    0.000704   10.906534 v _06857_/I (gf180mcu_fd_sc_mcu7t5v0__buf_1)
    10    0.095775    0.947618    1.067894   11.974428 v _06857_/Z (gf180mcu_fd_sc_mcu7t5v0__buf_1)
                                                         _01320_ (net)
                      0.947633    0.002114   11.976542 v _07047_/A2 (gf180mcu_fd_sc_mcu7t5v0__aoi21_1)
     4    0.036918    1.361775    0.996164   12.972706 ^ _07047_/ZN (gf180mcu_fd_sc_mcu7t5v0__aoi21_1)
                                                         _01509_ (net)
                      1.361775    0.000608   12.973314 ^ _07048_/I (gf180mcu_fd_sc_mcu7t5v0__buf_2)
     3    0.041930    0.381106    0.413306   13.386621 ^ _07048_/Z (gf180mcu_fd_sc_mcu7t5v0__buf_2)
                                                         _01510_ (net)
                      0.381109    0.001528   13.388148 ^ wire703/I (gf180mcu_fd_sc_mcu7t5v0__buf_2)
     8    0.087531    0.734743    0.587752   13.975900 ^ wire703/Z (gf180mcu_fd_sc_mcu7t5v0__buf_2)
                                                         net702 (net)
                      0.734800    0.003622   13.979522 ^ _07049_/I (gf180mcu_fd_sc_mcu7t5v0__buf_2)
     5    0.062510    0.537398    0.495519   14.475041 ^ _07049_/Z (gf180mcu_fd_sc_mcu7t5v0__buf_2)
                                                         _01511_ (net)
                      0.537403    0.000898   14.475939 ^ _07125_/I (gf180mcu_fd_sc_mcu7t5v0__buf_1)
     1    0.020370    0.379625    0.404280   14.880219 ^ _07125_/Z (gf180mcu_fd_sc_mcu7t5v0__buf_1)
                                                         _01586_ (net)
                      0.379626    0.000957   14.881177 ^ wire684/I (gf180mcu_fd_sc_mcu7t5v0__buf_2)
     7    0.074821    0.633532    0.529840   15.411016 ^ wire684/Z (gf180mcu_fd_sc_mcu7t5v0__buf_2)
                                                         net683 (net)
                      0.633686    0.005526   15.416543 ^ _07389_/I (gf180mcu_fd_sc_mcu7t5v0__buf_1)
     6    0.058075    0.980017    0.757279   16.173822 ^ _07389_/Z (gf180mcu_fd_sc_mcu7t5v0__buf_1)
                                                         _01846_ (net)
                      0.980023    0.001334   16.175156 ^ _07463_/I (gf180mcu_fd_sc_mcu7t5v0__buf_1)
     4    0.053534    0.908232    0.722521   16.897676 ^ _07463_/Z (gf180mcu_fd_sc_mcu7t5v0__buf_1)
                                                         _01919_ (net)
                      0.908239    0.001389   16.899065 ^ wire678/I (gf180mcu_fd_sc_mcu7t5v0__buf_2)
     7    0.079950    0.674905    0.578439   17.477505 ^ wire678/Z (gf180mcu_fd_sc_mcu7t5v0__buf_2)
                                                         net677 (net)
                      0.674958    0.003334   17.480839 ^ _07468_/A1 (gf180mcu_fd_sc_mcu7t5v0__nand3_1)
     1    0.015861    0.478700    0.355390   17.836229 v _07468_/ZN (gf180mcu_fd_sc_mcu7t5v0__nand3_1)
                                                         _01924_ (net)
                      0.478700    0.000412   17.836641 v _07473_/A2 (gf180mcu_fd_sc_mcu7t5v0__aoi211_1)
     1    0.004939    0.568244    0.413877   18.250519 ^ _07473_/ZN (gf180mcu_fd_sc_mcu7t5v0__aoi211_1)
                                                         _01929_ (net)
                      0.568244    0.000050   18.250568 ^ _07474_/B (gf180mcu_fd_sc_mcu7t5v0__aoi211_1)
     1    0.004695    0.674276    0.269175   18.519743 v _07474_/ZN (gf180mcu_fd_sc_mcu7t5v0__aoi211_1)
                                                         _01930_ (net)
                      0.674276    0.000048   18.519791 v _07475_/B (gf180mcu_fd_sc_mcu7t5v0__aoi21_1)
     3    0.050348    1.662499    1.109909   19.629700 ^ _07475_/ZN (gf180mcu_fd_sc_mcu7t5v0__aoi21_1)
                                                         _01931_ (net)
                      1.662503    0.004015   19.633715 ^ _07519_/A1 (gf180mcu_fd_sc_mcu7t5v0__nand2_1)
     1    0.006309    0.429081    0.175779   19.809494 v _07519_/ZN (gf180mcu_fd_sc_mcu7t5v0__nand2_1)
                                                         _01974_ (net)
                      0.429081    0.000128   19.809622 v _07521_/A2 (gf180mcu_fd_sc_mcu7t5v0__aoi21_1)
     2    0.014431    0.624423    0.469488   20.279108 ^ _07521_/ZN (gf180mcu_fd_sc_mcu7t5v0__aoi21_1)
                                                         _01976_ (net)
                      0.624423    0.000275   20.279385 ^ _07584_/A1 (gf180mcu_fd_sc_mcu7t5v0__oai21_1)
     3    0.019441    0.422798    0.322340   20.601723 v _07584_/ZN (gf180mcu_fd_sc_mcu7t5v0__oai21_1)
                                                         _02038_ (net)
                      0.422798    0.000188   20.601912 v _07706_/A1 (gf180mcu_fd_sc_mcu7t5v0__oai221_1)
     1    0.004372    0.673186    0.311713   20.913626 ^ _07706_/ZN (gf180mcu_fd_sc_mcu7t5v0__oai221_1)
                                                         _02158_ (net)
                      0.673186    0.000085   20.913710 ^ _07708_/A1 (gf180mcu_fd_sc_mcu7t5v0__and2_1)
     3    0.018964    0.369320    0.494678   21.408388 ^ _07708_/Z (gf180mcu_fd_sc_mcu7t5v0__and2_1)
                                                         _02160_ (net)
                      0.369320    0.000137   21.408525 ^ _07829_/A1 (gf180mcu_fd_sc_mcu7t5v0__oai211_1)
     1    0.005347    0.345009    0.194522   21.603046 v _07829_/ZN (gf180mcu_fd_sc_mcu7t5v0__oai211_1)
                                                         _02279_ (net)
                      0.345009    0.000053   21.603100 v _07830_/B (gf180mcu_fd_sc_mcu7t5v0__oai21_1)
     2    0.014819    0.587296    0.363915   21.967016 ^ _07830_/ZN (gf180mcu_fd_sc_mcu7t5v0__oai21_1)
                                                         _02280_ (net)
                      0.587296    0.000391   21.967407 ^ _07887_/A1 (gf180mcu_fd_sc_mcu7t5v0__oai21_1)
     3    0.022746    0.452345    0.348903   22.316309 v _07887_/ZN (gf180mcu_fd_sc_mcu7t5v0__oai21_1)
                                                         _02336_ (net)
                      0.452345    0.000426   22.316736 v _07942_/A1 (gf180mcu_fd_sc_mcu7t5v0__aoi22_1)
     1    0.006779    0.477420    0.352452   22.669188 ^ _07942_/ZN (gf180mcu_fd_sc_mcu7t5v0__aoi22_1)
                                                         _02390_ (net)
                      0.477420    0.000153   22.669340 ^ _07943_/A2 (gf180mcu_fd_sc_mcu7t5v0__and2_1)
     1    0.018363    0.358675    0.442801   23.112143 ^ _07943_/Z (gf180mcu_fd_sc_mcu7t5v0__and2_1)
                                                         _02391_ (net)
                      0.358676    0.000798   23.112940 ^ _07944_/I (gf180mcu_fd_sc_mcu7t5v0__buf_1)
     1    0.004126    0.131030    0.242514   23.355453 ^ _07944_/Z (gf180mcu_fd_sc_mcu7t5v0__buf_1)
                                                         fir_inst.delay_line.sample_o[16] (net)
                      0.131030    0.000046   23.355499 ^ _14894_/D (gf180mcu_fd_sc_mcu7t5v0__dffrnq_1)
                                             23.355499   data arrival time

                                 62.500000   62.500000   clock clk (rise edge)
                                  0.000000   62.500000   clock source latency
     2    0.099575    0.000000    0.000000   62.500000 ^ clk (in)
                                                         clk (net)
                      0.032101    0.013131   62.513134 ^ clkbuf_0_clk/I (gf180mcu_fd_sc_mcu7t5v0__clkbuf_16)
     8    0.225621    0.270391    0.334815   62.847946 ^ clkbuf_0_clk/Z (gf180mcu_fd_sc_mcu7t5v0__clkbuf_16)
                                                         clknet_0_clk (net)
                      0.270596    0.007262   62.855209 ^ clkbuf_3_6_0_clk/I (gf180mcu_fd_sc_mcu7t5v0__clkbuf_8)
     2    0.078150    0.207683    0.340414   63.195621 ^ clkbuf_3_6_0_clk/Z (gf180mcu_fd_sc_mcu7t5v0__clkbuf_8)
                                                         clknet_3_6_0_clk (net)
                      0.207712    0.002139   63.197762 ^ clkbuf_4_12__f_clk/I (gf180mcu_fd_sc_mcu7t5v0__clkbuf_16)
     5    0.097274    0.156181    0.298300   63.496063 ^ clkbuf_4_12__f_clk/Z (gf180mcu_fd_sc_mcu7t5v0__clkbuf_16)
                                                         clknet_4_12__leaf_clk (net)
                      0.156181    0.000313   63.496376 ^ clkbuf_leaf_27_clk/I (gf180mcu_fd_sc_mcu7t5v0__clkbuf_8)
    17    0.107561    0.260728    0.350127   63.846500 ^ clkbuf_leaf_27_clk/Z (gf180mcu_fd_sc_mcu7t5v0__clkbuf_8)
                                                         clknet_leaf_27_clk (net)
                      0.260735    0.002061   63.848560 ^ _14894_/CLK (gf180mcu_fd_sc_mcu7t5v0__dffrnq_1)
                                 -0.250000   63.598564   clock uncertainty
                                  0.000000   63.598564   clock reconvergence pessimism
                                 -0.269628   63.328934   library setup time
                                             63.328934   data required time
---------------------------------------------------------------------------------------------
                                             63.328934   data required time
                                            -23.355499   data arrival time
---------------------------------------------------------------------------------------------
                                             39.973438   slack (MET)




===========================================================================
report_checks --slack_max -0.01
============================================================================
======================= max_tt_025C_5v00 Corner ===================================

No paths found.


===========================================================================
 report_check_types -max_slew -max_cap -max_fanout -violators
============================================================================
======================= max_tt_025C_5v00 Corner ===================================

max slew

Pin                                        Limit        Slew       Slack
------------------------------------------------------------------------
_07245_/A2                              2.500000    2.563315   -0.063315 (VIOLATED)
_07244_/ZN                              2.500000    2.563313   -0.063313 (VIOLATED)

max fanout

Pin                                   Limit Fanout  Slack
---------------------------------------------------------
clkbuf_leaf_63_clk/Z                     10     21    -11 (VIOLATED)
clkbuf_leaf_0_clk/Z                      10     20    -10 (VIOLATED)
clkbuf_leaf_13_clk/Z                     10     20    -10 (VIOLATED)
clkbuf_leaf_2_clk/Z                      10     20    -10 (VIOLATED)
clkbuf_leaf_39_clk/Z                     10     20    -10 (VIOLATED)
clkbuf_leaf_40_clk/Z                     10     20    -10 (VIOLATED)
clkbuf_leaf_41_clk/Z                     10     20    -10 (VIOLATED)
clkbuf_leaf_51_clk/Z                     10     20    -10 (VIOLATED)
clkbuf_leaf_54_clk/Z                     10     20    -10 (VIOLATED)
clkbuf_leaf_65_clk/Z                     10     20    -10 (VIOLATED)
clkbuf_leaf_68_clk/Z                     10     20    -10 (VIOLATED)
clkbuf_leaf_18_clk/Z                     10     19     -9 (VIOLATED)
clkbuf_leaf_19_clk/Z                     10     19     -9 (VIOLATED)
clkbuf_leaf_21_clk/Z                     10     19     -9 (VIOLATED)
clkbuf_leaf_23_clk/Z                     10     19     -9 (VIOLATED)
clkbuf_leaf_31_clk/Z                     10     19     -9 (VIOLATED)
clkbuf_leaf_32_clk/Z                     10     19     -9 (VIOLATED)
clkbuf_leaf_36_clk/Z                     10     19     -9 (VIOLATED)
clkbuf_leaf_37_clk/Z                     10     19     -9 (VIOLATED)
clkbuf_leaf_38_clk/Z                     10     19     -9 (VIOLATED)
clkbuf_leaf_44_clk/Z                     10     19     -9 (VIOLATED)
clkbuf_leaf_46_clk/Z                     10     19     -9 (VIOLATED)
clkbuf_leaf_47_clk/Z                     10     19     -9 (VIOLATED)
clkbuf_leaf_48_clk/Z                     10     19     -9 (VIOLATED)
clkbuf_leaf_49_clk/Z                     10     19     -9 (VIOLATED)
clkbuf_leaf_4_clk/Z                      10     19     -9 (VIOLATED)
clkbuf_leaf_50_clk/Z                     10     19     -9 (VIOLATED)
clkbuf_leaf_53_clk/Z                     10     19     -9 (VIOLATED)
clkbuf_leaf_5_clk/Z                      10     19     -9 (VIOLATED)
clkbuf_leaf_64_clk/Z                     10     19     -9 (VIOLATED)
clkbuf_leaf_72_clk/Z                     10     19     -9 (VIOLATED)
clkbuf_leaf_73_clk/Z                     10     19     -9 (VIOLATED)
clkbuf_leaf_7_clk/Z                      10     19     -9 (VIOLATED)
clkbuf_leaf_10_clk/Z                     10     18     -8 (VIOLATED)
clkbuf_leaf_11_clk/Z                     10     18     -8 (VIOLATED)
clkbuf_leaf_16_clk/Z                     10     18     -8 (VIOLATED)
clkbuf_leaf_22_clk/Z                     10     18     -8 (VIOLATED)
clkbuf_leaf_30_clk/Z                     10     18     -8 (VIOLATED)
clkbuf_leaf_33_clk/Z                     10     18     -8 (VIOLATED)
clkbuf_leaf_34_clk/Z                     10     18     -8 (VIOLATED)
clkbuf_leaf_45_clk/Z                     10     18     -8 (VIOLATED)
clkbuf_leaf_52_clk/Z                     10     18     -8 (VIOLATED)
clkbuf_leaf_59_clk/Z                     10     18     -8 (VIOLATED)
clkbuf_leaf_61_clk/Z                     10     18     -8 (VIOLATED)
clkbuf_leaf_66_clk/Z                     10     18     -8 (VIOLATED)
clkbuf_leaf_67_clk/Z                     10     18     -8 (VIOLATED)
clkbuf_leaf_69_clk/Z                     10     18     -8 (VIOLATED)
clkbuf_leaf_6_clk/Z                      10     18     -8 (VIOLATED)
clkbuf_leaf_70_clk/Z                     10     18     -8 (VIOLATED)
clkbuf_leaf_71_clk/Z                     10     18     -8 (VIOLATED)
clkbuf_leaf_74_clk/Z                     10     18     -8 (VIOLATED)
clkbuf_leaf_75_clk/Z                     10     18     -8 (VIOLATED)
clkbuf_leaf_12_clk/Z                     10     17     -7 (VIOLATED)
clkbuf_leaf_14_clk/Z                     10     17     -7 (VIOLATED)
clkbuf_leaf_15_clk/Z                     10     17     -7 (VIOLATED)
clkbuf_leaf_1_clk/Z                      10     17     -7 (VIOLATED)
clkbuf_leaf_20_clk/Z                     10     17     -7 (VIOLATED)
clkbuf_leaf_25_clk/Z                     10     17     -7 (VIOLATED)
clkbuf_leaf_26_clk/Z                     10     17     -7 (VIOLATED)
clkbuf_leaf_27_clk/Z                     10     17     -7 (VIOLATED)
clkbuf_leaf_28_clk/Z                     10     17     -7 (VIOLATED)
clkbuf_leaf_29_clk/Z                     10     17     -7 (VIOLATED)
clkbuf_leaf_35_clk/Z                     10     17     -7 (VIOLATED)
clkbuf_leaf_42_clk/Z                     10     17     -7 (VIOLATED)
clkbuf_leaf_55_clk/Z                     10     17     -7 (VIOLATED)
clkbuf_leaf_57_clk/Z                     10     17     -7 (VIOLATED)
clkbuf_leaf_62_clk/Z                     10     17     -7 (VIOLATED)
clkbuf_leaf_17_clk/Z                     10     16     -6 (VIOLATED)
clkbuf_leaf_60_clk/Z                     10     16     -6 (VIOLATED)
clkbuf_leaf_8_clk/Z                      10     16     -6 (VIOLATED)
clkbuf_leaf_9_clk/Z                      10     16     -6 (VIOLATED)
clkbuf_leaf_24_clk/Z                     10     14     -4 (VIOLATED)
clkbuf_leaf_3_clk/Z                      10     13     -3 (VIOLATED)
clkbuf_leaf_43_clk/Z                     10     13     -3 (VIOLATED)
clkbuf_leaf_76_clk/Z                     10     13     -3 (VIOLATED)
clkbuf_leaf_58_clk/Z                     10     12     -2 (VIOLATED)



===========================================================================
report_parasitic_annotation -report_unannotated
============================================================================
Found 64 unannotated drivers.
 _14978_/Z
 _14979_/Z
 clkload0/Z
 clkload1/Z
 clkload10/Z
 clkload11/Z
 clkload12/Z
 clkload13/Z
 clkload14/ZN
 clkload15/ZN
 clkload16/ZN
 clkload17/ZN
 clkload18/ZN
 clkload19/Z
 clkload2/Z
 clkload20/ZN
 clkload21/Z
 clkload22/ZN
 clkload23/ZN
 clkload24/ZN
 clkload25/ZN
 clkload26/Z
 clkload27/ZN
 clkload28/Z
 clkload29/ZN
 clkload3/Z
 clkload30/ZN
 clkload31/Z
 clkload32/Z
 clkload33/ZN
 clkload34/Z
 clkload35/Z
 clkload36/ZN
 clkload37/ZN
 clkload38/ZN
 clkload39/ZN
 clkload4/ZN
 clkload40/Z
 clkload41/ZN
 clkload42/Z
 clkload43/ZN
 clkload44/ZN
 clkload45/ZN
 clkload46/ZN
 clkload47/ZN
 clkload48/Z
 clkload49/Z
 clkload5/ZN
 clkload50/Z
 clkload51/ZN
 clkload52/ZN
 clkload53/ZN
 clkload54/ZN
 clkload55/ZN
 clkload56/Z
 clkload57/ZN
 clkload58/ZN
 clkload59/ZN
 clkload6/ZN
 clkload60/ZN
 clkload61/Z
 clkload7/Z
 clkload8/Z
 clkload9/ZN
Found 0 partially unannotated drivers.

===========================================================================
max slew violation count 2
max fanout violation count 76
max cap violation count 0
============================================================================

===========================================================================
check_setup -verbose -unconstrained_endpoints -multiple_clock -no_clock -no_input_delay -loops -generated_clocks
===========================================================================
