Clock: clk
Sources: clk 
Generated: no
Virtual: yes
Propagated: no
Period: 62.500000

===========================================================================
report_clock_properties
============================================================================
Clock                   Period          Waveform
----------------------------------------------------
clk                  62.500000    0.000000 31.250000

===========================================================================
report_clock_latency
============================================================================
Clock clk
rise -> rise
    min     max
0.000000 0.000000 source latency
1.312862         network latency _14794_/CLK
        1.439781 network latency _14887_/CLK
---------------
1.312862 1.439781 latency
        0.126919 skew

fall -> fall
    min     max
0.000000 0.000000 source latency
1.376325         network latency _14794_/CLK
        1.518430 network latency _14887_/CLK
---------------
1.376325 1.518430 latency
        0.142105 skew



===========================================================================
report_clock_min_period
============================================================================
clk period_min = 23.24 fmax = 43.02
