
===========================================================================
 report_power
============================================================================
======================= max_tt_025C_5v00 Corner ===================================

Group                    Internal    Switching      Leakage        Total
                            Power        Power        Power        Power (Watts)
------------------------------------------------------------------------
Sequential           1.153000e-02 2.569750e-05 5.488197e-07 1.155625e-02  59.3%
Combinational        5.338830e-05 5.307220e-05 1.057834e-06 1.075183e-04   0.6%
Clock                3.540209e-03 4.279337e-03 9.435720e-07 7.820489e-03  40.1%
Macro                0.000000e+00 0.000000e+00 0.000000e+00 0.000000e+00   0.0%
Pad                  0.000000e+00 0.000000e+00 0.000000e+00 0.000000e+00   0.0%
------------------------------------------------------------------------
Total                1.512360e-02 4.358107e-03 2.550184e-06 1.948426e-02 100.0%
                            77.6%        22.4%         0.0%

