Clock: clk
Sources: clk 
Generated: no
Virtual: yes
Propagated: no
Period: 62.500000

===========================================================================
report_clock_properties
============================================================================
Clock                   Period          Waveform
----------------------------------------------------
clk                  62.500000    0.000000 31.250000

===========================================================================
report_clock_latency
============================================================================
Clock clk
rise -> rise
    min     max
0.000000 0.000000 source latency
1.260366         network latency _14924_/CLK
        1.335898 network latency _14311_/CLK
---------------
1.260366 1.335898 latency
        0.075532 skew

fall -> fall
    min     max
0.000000 0.000000 source latency
1.317030         network latency _14924_/CLK
        1.403784 network latency _14311_/CLK
---------------
1.317030 1.403784 latency
        0.086754 skew



===========================================================================
report_clock_min_period
============================================================================
clk period_min = 20.81 fmax = 48.07
