
===========================================================================
report_checks -unconstrained
===========================================================================
======================= max_tt_025C_5v00 Corner ===================================

Startpoint: rst_n (input port clocked by clk)
Endpoint: _14847_ (recovery check against rising-edge clock clk)
Path Group: asynchronous
Path Type: max

Fanout         Cap        Slew       Delay        Time   Description
---------------------------------------------------------------------------------------------
                                  0.000000    0.000000   clock clk (rise edge)
                                  0.000000    0.000000   clock network delay (propagated)
                                 12.500000   12.500000 ^ input external delay
     2    0.005149    0.000000    0.000000   12.500000 ^ rst_n (in)
                                                         rst_n (net)
                      0.000084    0.000035   12.500034 ^ hold662/I (gf180mcu_fd_sc_mcu7t5v0__dlyc_1)
     1    0.003999    0.154475    1.527501   14.027535 ^ hold662/Z (gf180mcu_fd_sc_mcu7t5v0__dlyc_1)
                                                         net661 (net)
                      0.154475    0.000079   14.027615 ^ input3/I (gf180mcu_fd_sc_mcu7t5v0__dlyb_1)
     3    0.034401    0.607954    1.160122   15.187736 ^ input3/Z (gf180mcu_fd_sc_mcu7t5v0__dlyb_1)
                                                         net3 (net)
                      0.607963    0.001263   15.188999 ^ _14847_/RN (gf180mcu_fd_sc_mcu7t5v0__dffrnq_1)
                                             15.188999   data arrival time

                                 62.500000   62.500000   clock clk (rise edge)
                                  0.000000   62.500000   clock source latency
     2    0.097526    0.000000    0.000000   62.500000 ^ clk (in)
                                                         clk (net)
                      0.032072    0.013117   62.513119 ^ clkbuf_0_clk/I (gf180mcu_fd_sc_mcu7t5v0__clkbuf_16)
     8    0.230908    0.275471    0.338105   62.851223 ^ clkbuf_0_clk/Z (gf180mcu_fd_sc_mcu7t5v0__clkbuf_16)
                                                         clknet_0_clk (net)
                      0.276113    0.010559   62.861782 ^ clkbuf_3_0_0_clk/I (gf180mcu_fd_sc_mcu7t5v0__clkbuf_8)
     2    0.069835    0.192817    0.332264   63.194046 ^ clkbuf_3_0_0_clk/Z (gf180mcu_fd_sc_mcu7t5v0__clkbuf_8)
                                                         clknet_3_0_0_clk (net)
                      0.192822    0.001847   63.195892 ^ clkbuf_4_1__f_clk/I (gf180mcu_fd_sc_mcu7t5v0__clkbuf_16)
     5    0.091492    0.151017    0.291031   63.486923 ^ clkbuf_4_1__f_clk/Z (gf180mcu_fd_sc_mcu7t5v0__clkbuf_16)
                                                         clknet_4_1__leaf_clk (net)
                      0.151038    0.002942   63.489864 ^ clkbuf_leaf_2_clk/I (gf180mcu_fd_sc_mcu7t5v0__clkbuf_8)
    19    0.096282    0.240045    0.335902   63.825768 ^ clkbuf_leaf_2_clk/Z (gf180mcu_fd_sc_mcu7t5v0__clkbuf_8)
                                                         clknet_leaf_2_clk (net)
                      0.240051    0.001847   63.827614 ^ _14847_/CLK (gf180mcu_fd_sc_mcu7t5v0__dffrnq_1)
                                 -0.250000   63.577618   clock uncertainty
                                  0.000000   63.577618   clock reconvergence pessimism
                                  0.191399   63.769016   library recovery time
                                             63.769016   data required time
---------------------------------------------------------------------------------------------
                                             63.769016   data required time
                                            -15.188999   data arrival time
---------------------------------------------------------------------------------------------
                                             48.580017   slack (MET)


Startpoint: _14873_ (rising edge-triggered flip-flop clocked by clk)
Endpoint: _14894_ (rising edge-triggered flip-flop clocked by clk)
Path Group: clk
Path Type: max

Fanout         Cap        Slew       Delay        Time   Description
---------------------------------------------------------------------------------------------
                                  0.000000    0.000000   clock clk (rise edge)
                                  0.000000    0.000000   clock source latency
     2    0.097526    0.000000    0.000000    0.000000 ^ clk (in)
                                                         clk (net)
                      0.032072    0.013119    0.013119 ^ clkbuf_0_clk/I (gf180mcu_fd_sc_mcu7t5v0__clkbuf_16)
     8    0.230908    0.275471    0.338105    0.351224 ^ clkbuf_0_clk/Z (gf180mcu_fd_sc_mcu7t5v0__clkbuf_16)
                                                         clknet_0_clk (net)
                      0.276018    0.009848    0.361072 ^ clkbuf_3_4_0_clk/I (gf180mcu_fd_sc_mcu7t5v0__clkbuf_8)
     2    0.069140    0.191542    0.331433    0.692505 ^ clkbuf_3_4_0_clk/Z (gf180mcu_fd_sc_mcu7t5v0__clkbuf_8)
                                                         clknet_3_4_0_clk (net)
                      0.191549    0.002045    0.694549 ^ clkbuf_4_8__f_clk/I (gf180mcu_fd_sc_mcu7t5v0__clkbuf_16)
     5    0.169598    0.221540    0.337316    1.031865 ^ clkbuf_4_8__f_clk/Z (gf180mcu_fd_sc_mcu7t5v0__clkbuf_16)
                                                         clknet_4_8__leaf_clk (net)
                      0.221576    0.004259    1.036125 ^ clkbuf_leaf_54_clk/I (gf180mcu_fd_sc_mcu7t5v0__clkbuf_8)
    15    0.117932    0.280241    0.376414    1.412539 ^ clkbuf_leaf_54_clk/Z (gf180mcu_fd_sc_mcu7t5v0__clkbuf_8)
                                                         clknet_leaf_54_clk (net)
                      0.280249    0.002302    1.414841 ^ _14873_/CLK (gf180mcu_fd_sc_mcu7t5v0__dffrnq_1)
     1    0.005443    0.118004    0.727027    2.141869 v _14873_/Q (gf180mcu_fd_sc_mcu7t5v0__dffrnq_1)
                                                         fir_inst.control.cnt[0] (net)
                      0.118005    0.000122    2.141991 v fanout363/I (gf180mcu_fd_sc_mcu7t5v0__dlyb_1)
     2    0.027816    0.414671    1.173716    3.315707 v fanout363/Z (gf180mcu_fd_sc_mcu7t5v0__dlyb_1)
                                                         net363 (net)
                      0.414671    0.001396    3.317103 v wire364/I (gf180mcu_fd_sc_mcu7t5v0__buf_2)
     3    0.052951    0.288807    0.446498    3.763601 v wire364/Z (gf180mcu_fd_sc_mcu7t5v0__buf_2)
                                                         net364 (net)
                      0.288862    0.002230    3.765831 v max_length852/I (gf180mcu_fd_sc_mcu7t5v0__clkbuf_1)
     3    0.042699    0.681244    0.603406    4.369237 v max_length852/Z (gf180mcu_fd_sc_mcu7t5v0__clkbuf_1)
                                                         net851 (net)
                      0.681249    0.001140    4.370378 v fanout355/I (gf180mcu_fd_sc_mcu7t5v0__dlyb_1)
     6    0.070010    0.775622    1.656334    6.026712 v fanout355/Z (gf180mcu_fd_sc_mcu7t5v0__dlyb_1)
                                                         net355 (net)
                      0.775807    0.002559    6.029271 v fanout354/I (gf180mcu_fd_sc_mcu7t5v0__dlyb_1)
     9    0.103344    1.069969    1.892243    7.921515 v fanout354/Z (gf180mcu_fd_sc_mcu7t5v0__dlyb_1)
                                                         net354 (net)
                      1.069973    0.001127    7.922641 v fanout353/I (gf180mcu_fd_sc_mcu7t5v0__dlyb_1)
    10    0.083136    0.890899    1.868152    9.790793 v fanout353/Z (gf180mcu_fd_sc_mcu7t5v0__dlyb_1)
                                                         net353 (net)
                      0.890926    0.002789    9.793582 v _06836_/A1 (gf180mcu_fd_sc_mcu7t5v0__nor2_1)
     2    0.019476    0.732490    0.648086   10.441669 ^ _06836_/ZN (gf180mcu_fd_sc_mcu7t5v0__nor2_1)
                                                         _01299_ (net)
                      0.732490    0.000253   10.441921 ^ max_cap247/I (gf180mcu_fd_sc_mcu7t5v0__buf_2)
     6    0.054614    0.474407    0.458833   10.900754 ^ max_cap247/Z (gf180mcu_fd_sc_mcu7t5v0__buf_2)
                                                         net247 (net)
                      0.474456    0.002680   10.903434 ^ _06837_/A2 (gf180mcu_fd_sc_mcu7t5v0__nand2_1)
     9    0.099571    1.562973    0.960273   11.863707 v _06837_/ZN (gf180mcu_fd_sc_mcu7t5v0__nand2_1)
                                                         _01300_ (net)
                      1.563015    0.004574   11.868281 v _06849_/A2 (gf180mcu_fd_sc_mcu7t5v0__nor2_1)
     3    0.045400    1.488746    1.146238   13.014519 ^ _06849_/ZN (gf180mcu_fd_sc_mcu7t5v0__nor2_1)
                                                         _01312_ (net)
                      1.488747    0.001717   13.016235 ^ _06915_/A1 (gf180mcu_fd_sc_mcu7t5v0__nand2_1)
     3    0.033893    0.780292    0.558014   13.574249 v _06915_/ZN (gf180mcu_fd_sc_mcu7t5v0__nand2_1)
                                                         _01378_ (net)
                      0.780293    0.001758   13.576008 v _07065_/I (gf180mcu_fd_sc_mcu7t5v0__buf_1)
     4    0.063600    0.643167    0.809722   14.385730 v _07065_/Z (gf180mcu_fd_sc_mcu7t5v0__buf_1)
                                                         _01527_ (net)
                      0.643171    0.000947   14.386676 v wire694/I (gf180mcu_fd_sc_mcu7t5v0__buf_2)
     7    0.069987    0.368191    0.559218   14.945894 v wire694/Z (gf180mcu_fd_sc_mcu7t5v0__buf_2)
                                                         net693 (net)
                      0.368219    0.001824   14.947719 v _07154_/A1 (gf180mcu_fd_sc_mcu7t5v0__and3_1)
     1    0.005078    0.151671    0.373616   15.321334 v _07154_/Z (gf180mcu_fd_sc_mcu7t5v0__and3_1)
                                                         _01615_ (net)
                      0.151671    0.000096   15.321430 v _07171_/A3 (gf180mcu_fd_sc_mcu7t5v0__oai31_1)
     1    0.026670    1.581930    1.013373   16.334803 ^ _07171_/ZN (gf180mcu_fd_sc_mcu7t5v0__oai31_1)
                                                         _01632_ (net)
                      1.581930    0.001370   16.336172 ^ wire680/I (gf180mcu_fd_sc_mcu7t5v0__dlyb_1)
     1    0.027490    0.501487    1.093518   17.429689 ^ wire680/Z (gf180mcu_fd_sc_mcu7t5v0__dlyb_1)
                                                         net679 (net)
                      0.501487    0.001380   17.431070 ^ _07172_/A2 (gf180mcu_fd_sc_mcu7t5v0__nand2_1)
     4    0.025949    0.593436    0.328125   17.759195 v _07172_/ZN (gf180mcu_fd_sc_mcu7t5v0__nand2_1)
                                                         _01633_ (net)
                      0.593436    0.000394   17.759590 v _07270_/A1 (gf180mcu_fd_sc_mcu7t5v0__and3_1)
     6    0.042044    0.479837    0.696335   18.455925 v _07270_/Z (gf180mcu_fd_sc_mcu7t5v0__and3_1)
                                                         _01729_ (net)
                      0.479844    0.001044   18.456970 v _07364_/A1 (gf180mcu_fd_sc_mcu7t5v0__nand2_1)
     2    0.017705    0.448637    0.363476   18.820446 ^ _07364_/ZN (gf180mcu_fd_sc_mcu7t5v0__nand2_1)
                                                         _01822_ (net)
                      0.448637    0.000266   18.820713 ^ _07374_/S (gf180mcu_fd_sc_mcu7t5v0__mux2_2)
     1    0.007028    0.149391    0.417554   19.238266 v _07374_/Z (gf180mcu_fd_sc_mcu7t5v0__mux2_2)
                                                         _01831_ (net)
                      0.149391    0.000146   19.238413 v _07375_/B1 (gf180mcu_fd_sc_mcu7t5v0__oai22_1)
     1    0.005050    0.545768    0.330708   19.569120 ^ _07375_/ZN (gf180mcu_fd_sc_mcu7t5v0__oai22_1)
                                                         _01832_ (net)
                      0.545768    0.000060   19.569181 ^ _07376_/A4 (gf180mcu_fd_sc_mcu7t5v0__nor4_1)
     2    0.013505    0.506862    0.412264   19.981445 v _07376_/ZN (gf180mcu_fd_sc_mcu7t5v0__nor4_1)
                                                         _01833_ (net)
                      0.506862    0.000247   19.981691 v _07446_/A1 (gf180mcu_fd_sc_mcu7t5v0__oai31_1)
     2    0.015759    1.095207    0.732214   20.713905 ^ _07446_/ZN (gf180mcu_fd_sc_mcu7t5v0__oai31_1)
                                                         _01902_ (net)
                      1.095207    0.000295   20.714201 ^ _07521_/A1 (gf180mcu_fd_sc_mcu7t5v0__aoi21_1)
     2    0.017176    0.496317    0.319025   21.033226 v _07521_/ZN (gf180mcu_fd_sc_mcu7t5v0__aoi21_1)
                                                         _01976_ (net)
                      0.496317    0.000396   21.033621 v _07584_/A1 (gf180mcu_fd_sc_mcu7t5v0__oai21_1)
     3    0.019325    0.726050    0.546144   21.579765 ^ _07584_/ZN (gf180mcu_fd_sc_mcu7t5v0__oai21_1)
                                                         _02038_ (net)
                      0.726050    0.000218   21.579985 ^ _07706_/A1 (gf180mcu_fd_sc_mcu7t5v0__oai221_1)
     1    0.004539    0.363986    0.258051   21.838036 v _07706_/ZN (gf180mcu_fd_sc_mcu7t5v0__oai221_1)
                                                         _02158_ (net)
                      0.363986    0.000052   21.838087 v _07708_/A1 (gf180mcu_fd_sc_mcu7t5v0__and2_1)
     3    0.018074    0.231795    0.413358   22.251446 v _07708_/Z (gf180mcu_fd_sc_mcu7t5v0__and2_1)
                                                         _02160_ (net)
                      0.231795    0.000162   22.251608 v _07829_/A1 (gf180mcu_fd_sc_mcu7t5v0__oai211_1)
     1    0.006105    0.445813    0.275358   22.526966 ^ _07829_/ZN (gf180mcu_fd_sc_mcu7t5v0__oai211_1)
                                                         _02279_ (net)
                      0.445813    0.000068   22.527033 ^ _07830_/B (gf180mcu_fd_sc_mcu7t5v0__oai21_1)
     2    0.013293    0.444005    0.268448   22.795483 v _07830_/ZN (gf180mcu_fd_sc_mcu7t5v0__oai21_1)
                                                         _02280_ (net)
                      0.444005    0.000119   22.795601 v _07887_/A1 (gf180mcu_fd_sc_mcu7t5v0__oai21_1)
     3    0.022421    0.793693    0.580950   23.376551 ^ _07887_/ZN (gf180mcu_fd_sc_mcu7t5v0__oai21_1)
                                                         _02336_ (net)
                      0.793693    0.000242   23.376793 ^ _07942_/A1 (gf180mcu_fd_sc_mcu7t5v0__aoi22_1)
     1    0.005497    0.444158    0.172045   23.548838 v _07942_/ZN (gf180mcu_fd_sc_mcu7t5v0__aoi22_1)
                                                         _02390_ (net)
                      0.444158    0.000114   23.548952 v _07943_/A2 (gf180mcu_fd_sc_mcu7t5v0__and2_1)
     1    0.009811    0.168872    0.402542   23.951494 v _07943_/Z (gf180mcu_fd_sc_mcu7t5v0__and2_1)
                                                         _02391_ (net)
                      0.168872    0.000270   23.951763 v _07944_/I (gf180mcu_fd_sc_mcu7t5v0__buf_1)
     1    0.008844    0.150340    0.292939   24.244703 v _07944_/Z (gf180mcu_fd_sc_mcu7t5v0__buf_1)
                                                         fir_inst.delay_line.sample_o[16] (net)
                      0.150340    0.000227   24.244930 v _14894_/D (gf180mcu_fd_sc_mcu7t5v0__dffrnq_1)
                                             24.244930   data arrival time

                                 62.500000   62.500000   clock clk (rise edge)
                                  0.000000   62.500000   clock source latency
     2    0.097526    0.000000    0.000000   62.500000 ^ clk (in)
                                                         clk (net)
                      0.032072    0.013117   62.513119 ^ clkbuf_0_clk/I (gf180mcu_fd_sc_mcu7t5v0__clkbuf_16)
     8    0.230908    0.275471    0.338105   62.851223 ^ clkbuf_0_clk/Z (gf180mcu_fd_sc_mcu7t5v0__clkbuf_16)
                                                         clknet_0_clk (net)
                      0.276293    0.011795   62.863018 ^ clkbuf_3_6_0_clk/I (gf180mcu_fd_sc_mcu7t5v0__clkbuf_8)
     2    0.079397    0.209858    0.342887   63.205906 ^ clkbuf_3_6_0_clk/Z (gf180mcu_fd_sc_mcu7t5v0__clkbuf_8)
                                                         clknet_3_6_0_clk (net)
                      0.209899    0.003226   63.209129 ^ clkbuf_4_12__f_clk/I (gf180mcu_fd_sc_mcu7t5v0__clkbuf_16)
     5    0.102564    0.160639    0.302045   63.511173 ^ clkbuf_4_12__f_clk/Z (gf180mcu_fd_sc_mcu7t5v0__clkbuf_16)
                                                         clknet_4_12__leaf_clk (net)
                      0.160639    0.000533   63.511707 ^ clkbuf_leaf_27_clk/I (gf180mcu_fd_sc_mcu7t5v0__clkbuf_8)
    18    0.111474    0.268593    0.356401   63.868111 ^ clkbuf_leaf_27_clk/Z (gf180mcu_fd_sc_mcu7t5v0__clkbuf_8)
                                                         clknet_leaf_27_clk (net)
                      0.268595    0.000995   63.869102 ^ _14894_/CLK (gf180mcu_fd_sc_mcu7t5v0__dffrnq_1)
                                 -0.250000   63.619106   clock uncertainty
                                  0.000000   63.619106   clock reconvergence pessimism
                                 -0.118921   63.500183   library setup time
                                             63.500183   data required time
---------------------------------------------------------------------------------------------
                                             63.500183   data required time
                                            -24.244930   data arrival time
---------------------------------------------------------------------------------------------
                                             39.255253   slack (MET)




===========================================================================
report_checks --slack_max -0.01
============================================================================
======================= max_tt_025C_5v00 Corner ===================================

No paths found.


===========================================================================
 report_check_types -max_slew -max_cap -max_fanout -violators
============================================================================
======================= max_tt_025C_5v00 Corner ===================================

max fanout

Pin                                   Limit Fanout  Slack
---------------------------------------------------------
clkbuf_leaf_30_clk/Z                     10     22    -12 (VIOLATED)
clkbuf_leaf_36_clk/Z                     10     21    -11 (VIOLATED)
clkbuf_leaf_39_clk/Z                     10     21    -11 (VIOLATED)
clkbuf_leaf_40_clk/Z                     10     21    -11 (VIOLATED)
clkbuf_leaf_68_clk/Z                     10     21    -11 (VIOLATED)
clkbuf_leaf_37_clk/Z                     10     20    -10 (VIOLATED)
clkbuf_leaf_38_clk/Z                     10     20    -10 (VIOLATED)
clkbuf_leaf_44_clk/Z                     10     20    -10 (VIOLATED)
clkbuf_leaf_45_clk/Z                     10     20    -10 (VIOLATED)
clkbuf_leaf_49_clk/Z                     10     20    -10 (VIOLATED)
clkbuf_leaf_52_clk/Z                     10     20    -10 (VIOLATED)
clkbuf_leaf_5_clk/Z                      10     20    -10 (VIOLATED)
clkbuf_leaf_69_clk/Z                     10     20    -10 (VIOLATED)
clkbuf_leaf_0_clk/Z                      10     19     -9 (VIOLATED)
clkbuf_leaf_10_clk/Z                     10     19     -9 (VIOLATED)
clkbuf_leaf_11_clk/Z                     10     19     -9 (VIOLATED)
clkbuf_leaf_15_clk/Z                     10     19     -9 (VIOLATED)
clkbuf_leaf_1_clk/Z                      10     19     -9 (VIOLATED)
clkbuf_leaf_2_clk/Z                      10     19     -9 (VIOLATED)
clkbuf_leaf_31_clk/Z                     10     19     -9 (VIOLATED)
clkbuf_leaf_35_clk/Z                     10     19     -9 (VIOLATED)
clkbuf_leaf_42_clk/Z                     10     19     -9 (VIOLATED)
clkbuf_leaf_43_clk/Z                     10     19     -9 (VIOLATED)
clkbuf_leaf_46_clk/Z                     10     19     -9 (VIOLATED)
clkbuf_leaf_47_clk/Z                     10     19     -9 (VIOLATED)
clkbuf_leaf_48_clk/Z                     10     19     -9 (VIOLATED)
clkbuf_leaf_4_clk/Z                      10     19     -9 (VIOLATED)
clkbuf_leaf_50_clk/Z                     10     19     -9 (VIOLATED)
clkbuf_leaf_60_clk/Z                     10     19     -9 (VIOLATED)
clkbuf_leaf_61_clk/Z                     10     19     -9 (VIOLATED)
clkbuf_leaf_62_clk/Z                     10     19     -9 (VIOLATED)
clkbuf_leaf_63_clk/Z                     10     19     -9 (VIOLATED)
clkbuf_leaf_64_clk/Z                     10     19     -9 (VIOLATED)
clkbuf_leaf_65_clk/Z                     10     19     -9 (VIOLATED)
clkbuf_leaf_67_clk/Z                     10     19     -9 (VIOLATED)
clkbuf_leaf_6_clk/Z                      10     19     -9 (VIOLATED)
clkbuf_leaf_70_clk/Z                     10     19     -9 (VIOLATED)
clkbuf_leaf_72_clk/Z                     10     19     -9 (VIOLATED)
clkbuf_leaf_73_clk/Z                     10     19     -9 (VIOLATED)
clkbuf_leaf_16_clk/Z                     10     18     -8 (VIOLATED)
clkbuf_leaf_20_clk/Z                     10     18     -8 (VIOLATED)
clkbuf_leaf_21_clk/Z                     10     18     -8 (VIOLATED)
clkbuf_leaf_22_clk/Z                     10     18     -8 (VIOLATED)
clkbuf_leaf_24_clk/Z                     10     18     -8 (VIOLATED)
clkbuf_leaf_25_clk/Z                     10     18     -8 (VIOLATED)
clkbuf_leaf_26_clk/Z                     10     18     -8 (VIOLATED)
clkbuf_leaf_27_clk/Z                     10     18     -8 (VIOLATED)
clkbuf_leaf_28_clk/Z                     10     18     -8 (VIOLATED)
clkbuf_leaf_29_clk/Z                     10     18     -8 (VIOLATED)
clkbuf_leaf_33_clk/Z                     10     18     -8 (VIOLATED)
clkbuf_leaf_34_clk/Z                     10     18     -8 (VIOLATED)
clkbuf_leaf_3_clk/Z                      10     18     -8 (VIOLATED)
clkbuf_leaf_51_clk/Z                     10     18     -8 (VIOLATED)
clkbuf_leaf_58_clk/Z                     10     18     -8 (VIOLATED)
clkbuf_leaf_66_clk/Z                     10     18     -8 (VIOLATED)
clkbuf_leaf_71_clk/Z                     10     18     -8 (VIOLATED)
clkbuf_leaf_7_clk/Z                      10     18     -8 (VIOLATED)
clkbuf_leaf_9_clk/Z                      10     18     -8 (VIOLATED)
clkbuf_leaf_41_clk/Z                     10     17     -7 (VIOLATED)
clkbuf_leaf_74_clk/Z                     10     17     -7 (VIOLATED)
clkbuf_leaf_8_clk/Z                      10     17     -7 (VIOLATED)
clkbuf_leaf_12_clk/Z                     10     16     -6 (VIOLATED)
clkbuf_leaf_18_clk/Z                     10     16     -6 (VIOLATED)
clkbuf_leaf_19_clk/Z                     10     16     -6 (VIOLATED)
clkbuf_leaf_23_clk/Z                     10     16     -6 (VIOLATED)
clkbuf_leaf_32_clk/Z                     10     16     -6 (VIOLATED)
clkbuf_leaf_55_clk/Z                     10     16     -6 (VIOLATED)
clkbuf_leaf_17_clk/Z                     10     15     -5 (VIOLATED)
clkbuf_leaf_53_clk/Z                     10     15     -5 (VIOLATED)
clkbuf_leaf_54_clk/Z                     10     15     -5 (VIOLATED)
clkbuf_leaf_57_clk/Z                     10     15     -5 (VIOLATED)
clkbuf_leaf_59_clk/Z                     10     15     -5 (VIOLATED)
clkbuf_leaf_56_clk/Z                     10     14     -4 (VIOLATED)
clkbuf_leaf_13_clk/Z                     10     13     -3 (VIOLATED)
clkbuf_leaf_14_clk/Z                     10     13     -3 (VIOLATED)



===========================================================================
report_parasitic_annotation -report_unannotated
============================================================================
Found 61 unannotated drivers.
 _14978_/Z
 _14979_/Z
 clkload0/Z
 clkload1/Z
 clkload10/Z
 clkload11/ZN
 clkload12/ZN
 clkload13/ZN
 clkload14/ZN
 clkload15/Z
 clkload16/Z
 clkload17/Z
 clkload18/ZN
 clkload19/ZN
 clkload2/Z
 clkload20/Z
 clkload21/ZN
 clkload22/ZN
 clkload23/Z
 clkload24/ZN
 clkload25/Z
 clkload26/ZN
 clkload27/Z
 clkload28/ZN
 clkload29/Z
 clkload3/Z
 clkload30/Z
 clkload31/ZN
 clkload32/Z
 clkload33/ZN
 clkload34/ZN
 clkload35/ZN
 clkload36/ZN
 clkload37/Z
 clkload38/Z
 clkload39/ZN
 clkload4/Z
 clkload40/ZN
 clkload41/Z
 clkload42/ZN
 clkload43/ZN
 clkload44/ZN
 clkload45/ZN
 clkload46/ZN
 clkload47/ZN
 clkload48/Z
 clkload49/Z
 clkload5/Z
 clkload50/ZN
 clkload51/Z
 clkload52/Z
 clkload53/Z
 clkload54/ZN
 clkload55/ZN
 clkload56/ZN
 clkload57/Z
 clkload58/ZN
 clkload6/Z
 clkload7/Z
 clkload8/ZN
 clkload9/Z
Found 0 partially unannotated drivers.

===========================================================================
max slew violation count 0
max fanout violation count 75
max cap violation count 0
============================================================================

===========================================================================
check_setup -verbose -unconstrained_endpoints -multiple_clock -no_clock -no_input_delay -loops -generated_clocks
===========================================================================
