Clock: clk
Sources: clk 
Generated: no
Virtual: yes
Propagated: no
Period: 62.500000

===========================================================================
report_clock_properties
============================================================================
Clock                   Period          Waveform
----------------------------------------------------
clk                  62.500000    0.000000 31.250000

===========================================================================
report_clock_latency
============================================================================
Clock clk
rise -> rise
    min     max
0.000000 0.000000 source latency
1.306157         network latency _14924_/CLK
        1.407033 network latency _14311_/CLK
---------------
1.306157 1.407033 latency
        0.100877 skew

fall -> fall
    min     max
0.000000 0.000000 source latency
1.368729         network latency _14924_/CLK
        1.484320 network latency _14311_/CLK
---------------
1.368729 1.484320 latency
        0.115591 skew



===========================================================================
report_clock_min_period
============================================================================
clk period_min = 22.53 fmax = 44.39
