Clock: clk
Sources: clk 
Generated: no
Virtual: yes
Propagated: no
Period: 62.500000

===========================================================================
report_clock_properties
============================================================================
Clock                   Period          Waveform
----------------------------------------------------
clk                  62.500000    0.000000 31.250000

===========================================================================
report_clock_latency
============================================================================
Clock clk
rise -> rise
    min     max
0.000000 0.000000 source latency
0.818838         network latency _14924_/CLK
        0.869153 network latency _14311_/CLK
---------------
0.818838 0.869153 latency
        0.050315 skew

fall -> fall
    min     max
0.000000 0.000000 source latency
0.849994         network latency _14924_/CLK
        0.906251 network latency _14311_/CLK
---------------
0.849994 0.906251 latency
        0.056257 skew



===========================================================================
report_clock_min_period
============================================================================
clk period_min = 13.29 fmax = 75.24
