
===========================================================================
 report_power
============================================================================
======================= min_ff_n40C_5v50 Corner ===================================

Group                    Internal    Switching      Leakage        Total
                            Power        Power        Power        Power (Watts)
------------------------------------------------------------------------
Sequential           1.418837e-02 3.282255e-05 6.673413e-07 1.422186e-02  60.6%
Combinational        6.558123e-05 5.483216e-05 1.277788e-06 1.216912e-04   0.5%
Clock                4.425361e-03 4.690185e-03 1.141927e-06 9.116688e-03  38.9%
Macro                0.000000e+00 0.000000e+00 0.000000e+00 0.000000e+00   0.0%
Pad                  0.000000e+00 0.000000e+00 0.000000e+00 0.000000e+00   0.0%
------------------------------------------------------------------------
Total                1.867933e-02 4.777840e-03 3.087089e-06 2.346025e-02 100.0%
                            79.6%        20.4%         0.0%

