Clock: clk
Sources: clk 
Generated: no
Virtual: yes
Propagated: no
Period: 62.500000

===========================================================================
report_clock_properties
============================================================================
Clock                   Period          Waveform
----------------------------------------------------
clk                  62.500000    0.000000 31.250000

===========================================================================
report_clock_latency
============================================================================
Clock clk
rise -> rise
    min     max
0.000000 0.000000 source latency
1.288069         network latency _14794_/CLK
        1.399182 network latency _14887_/CLK
---------------
1.288069 1.399182 latency
        0.111113 skew

fall -> fall
    min     max
0.000000 0.000000 source latency
1.348330         network latency _14794_/CLK
        1.473147 network latency _14887_/CLK
---------------
1.348330 1.473147 latency
        0.124817 skew



===========================================================================
report_clock_min_period
============================================================================
clk period_min = 22.42 fmax = 44.61
