
===========================================================================
 report_power
============================================================================
======================= nom_tt_025C_5v00 Corner ===================================

Group                    Internal    Switching      Leakage        Total
                            Power        Power        Power        Power (Watts)
------------------------------------------------------------------------
Sequential           1.150551e-02 2.802188e-05 5.488197e-07 1.153408e-02  60.2%
Combinational        5.177793e-05 4.703330e-05 1.058482e-06 9.986971e-05   0.5%
Clock                3.486164e-03 4.046731e-03 9.445284e-07 7.533839e-03  39.3%
Macro                0.000000e+00 0.000000e+00 0.000000e+00 0.000000e+00   0.0%
Pad                  0.000000e+00 0.000000e+00 0.000000e+00 0.000000e+00   0.0%
------------------------------------------------------------------------
Total                1.504345e-02 4.121786e-03 2.551790e-06 1.916779e-02 100.0%
                            78.5%        21.5%         0.0%

