
===========================================================================
 report_power
============================================================================
======================= nom_tt_025C_5v00 Corner ===================================

Group                    Internal    Switching      Leakage        Total
                            Power        Power        Power        Power (Watts)
------------------------------------------------------------------------
Sequential           1.150121e-02 2.495786e-05 5.488197e-07 1.152671e-02  59.9%
Combinational        5.315032e-05 5.093295e-05 1.057834e-06 1.051411e-04   0.5%
Clock                3.532245e-03 4.076503e-03 9.435720e-07 7.609691e-03  39.5%
Macro                0.000000e+00 0.000000e+00 0.000000e+00 0.000000e+00   0.0%
Pad                  0.000000e+00 0.000000e+00 0.000000e+00 0.000000e+00   0.0%
------------------------------------------------------------------------
Total                1.508660e-02 4.152394e-03 2.550184e-06 1.924155e-02 100.0%
                            78.4%        21.6%         0.0%

