Clock: clk
Sources: clk 
Generated: no
Virtual: yes
Propagated: no
Period: 62.500000

===========================================================================
report_clock_properties
============================================================================
Clock                   Period          Waveform
----------------------------------------------------
clk                  62.500000    0.000000 31.250000

===========================================================================
report_clock_latency
============================================================================
Clock clk
rise -> rise
    min     max
0.000000 0.000000 source latency
0.823508         network latency _14794_/CLK
        0.888884 network latency _14887_/CLK
---------------
0.823508 0.888884 latency
        0.065376 skew

fall -> fall
    min     max
0.000000 0.000000 source latency
0.855188         network latency _14794_/CLK
        0.926860 network latency _14887_/CLK
---------------
0.855188 0.926860 latency
        0.071672 skew



===========================================================================
report_clock_min_period
============================================================================
clk period_min = 13.66 fmax = 73.19
