
===========================================================================
 report_power
============================================================================
======================= nom_ss_125C_4v50 Corner ===================================

Group                    Internal    Switching      Leakage        Total
                            Power        Power        Power        Power (Watts)
------------------------------------------------------------------------
Sequential           9.452178e-03 2.304725e-05 1.553169e-06 9.476779e-03  60.6%
Combinational        4.102169e-05 3.852067e-05 5.054345e-06 8.459670e-05   0.5%
Clock                2.769755e-03 3.297273e-03 9.956346e-06 6.076985e-03  38.9%
Macro                0.000000e+00 0.000000e+00 0.000000e+00 0.000000e+00   0.0%
Pad                  0.000000e+00 0.000000e+00 0.000000e+00 0.000000e+00   0.0%
------------------------------------------------------------------------
Total                1.226296e-02 3.358841e-03 1.656397e-05 1.563836e-02 100.0%
                            78.4%        21.5%         0.1%

