
===========================================================================
 report_power
============================================================================
======================= nom_ss_125C_4v50 Corner ===================================

Group                    Internal    Switching      Leakage        Total
                            Power        Power        Power        Power (Watts)
------------------------------------------------------------------------
Sequential           9.449942e-03 2.052149e-05 1.553169e-06 9.472017e-03  60.3%
Combinational        4.215499e-05 4.172680e-05 5.051633e-06 8.893343e-05   0.6%
Clock                2.804630e-03 3.322159e-03 9.917096e-06 6.136706e-03  39.1%
Macro                0.000000e+00 0.000000e+00 0.000000e+00 0.000000e+00   0.0%
Pad                  0.000000e+00 0.000000e+00 0.000000e+00 0.000000e+00   0.0%
------------------------------------------------------------------------
Total                1.229673e-02 3.384406e-03 1.652198e-05 1.569766e-02 100.0%
                            78.3%        21.6%         0.1%

