
===========================================================================
report_checks -unconstrained
===========================================================================
======================= nom_tt_025C_5v00 Corner ===================================

Startpoint: rst_n (input port clocked by clk)
Endpoint: _14847_ (recovery check against rising-edge clock clk)
Path Group: asynchronous
Path Type: max

Fanout         Cap        Slew       Delay        Time   Description
---------------------------------------------------------------------------------------------
                                  0.000000    0.000000   clock clk (rise edge)
                                  0.000000    0.000000   clock network delay (propagated)
                                 12.500000   12.500000 ^ input external delay
     2    0.005059    0.000000    0.000000   12.500000 ^ rst_n (in)
                                                         rst_n (net)
                      0.000079    0.000033   12.500032 ^ hold662/I (gf180mcu_fd_sc_mcu7t5v0__dlyc_1)
     1    0.003915    0.153272    1.526629   14.026661 ^ hold662/Z (gf180mcu_fd_sc_mcu7t5v0__dlyc_1)
                                                         net661 (net)
                      0.153272    0.000075   14.026736 ^ input3/I (gf180mcu_fd_sc_mcu7t5v0__dlyb_1)
     3    0.033184    0.589235    1.148892   15.175629 ^ input3/Z (gf180mcu_fd_sc_mcu7t5v0__dlyb_1)
                                                         net3 (net)
                      0.589242    0.001105   15.176733 ^ _14847_/RN (gf180mcu_fd_sc_mcu7t5v0__dffrnq_1)
                                             15.176733   data arrival time

                                 62.500000   62.500000   clock clk (rise edge)
                                  0.000000   62.500000   clock source latency
     2    0.092162    0.000000    0.000000   62.500000 ^ clk (in)
                                                         clk (net)
                      0.026747    0.010942   62.510944 ^ clkbuf_0_clk/I (gf180mcu_fd_sc_mcu7t5v0__clkbuf_16)
     8    0.216852    0.263189    0.329941   62.840885 ^ clkbuf_0_clk/Z (gf180mcu_fd_sc_mcu7t5v0__clkbuf_16)
                                                         clknet_0_clk (net)
                      0.263475    0.008860   62.849747 ^ clkbuf_3_0_0_clk/I (gf180mcu_fd_sc_mcu7t5v0__clkbuf_8)
     2    0.066973    0.187472    0.326203   63.175949 ^ clkbuf_3_0_0_clk/Z (gf180mcu_fd_sc_mcu7t5v0__clkbuf_8)
                                                         clknet_3_0_0_clk (net)
                      0.187476    0.001691   63.177639 ^ clkbuf_4_1__f_clk/I (gf180mcu_fd_sc_mcu7t5v0__clkbuf_16)
     5    0.087769    0.147805    0.287479   63.465118 ^ clkbuf_4_1__f_clk/Z (gf180mcu_fd_sc_mcu7t5v0__clkbuf_16)
                                                         clknet_4_1__leaf_clk (net)
                      0.147821    0.002629   63.467747 ^ clkbuf_leaf_2_clk/I (gf180mcu_fd_sc_mcu7t5v0__clkbuf_8)
    19    0.093337    0.234688    0.331852   63.799599 ^ clkbuf_leaf_2_clk/Z (gf180mcu_fd_sc_mcu7t5v0__clkbuf_8)
                                                         clknet_leaf_2_clk (net)
                      0.234692    0.001648   63.801247 ^ _14847_/CLK (gf180mcu_fd_sc_mcu7t5v0__dffrnq_1)
                                 -0.250000   63.551250   clock uncertainty
                                  0.000000   63.551250   clock reconvergence pessimism
                                  0.193229   63.744480   library recovery time
                                             63.744480   data required time
---------------------------------------------------------------------------------------------
                                             63.744480   data required time
                                            -15.176733   data arrival time
---------------------------------------------------------------------------------------------
                                             48.567749   slack (MET)


Startpoint: _14873_ (rising edge-triggered flip-flop clocked by clk)
Endpoint: _14894_ (rising edge-triggered flip-flop clocked by clk)
Path Group: clk
Path Type: max

Fanout         Cap        Slew       Delay        Time   Description
---------------------------------------------------------------------------------------------
                                  0.000000    0.000000   clock clk (rise edge)
                                  0.000000    0.000000   clock source latency
     2    0.092162    0.000000    0.000000    0.000000 ^ clk (in)
                                                         clk (net)
                      0.026747    0.010941    0.010941 ^ clkbuf_0_clk/I (gf180mcu_fd_sc_mcu7t5v0__clkbuf_16)
     8    0.216852    0.263189    0.329942    0.340882 ^ clkbuf_0_clk/Z (gf180mcu_fd_sc_mcu7t5v0__clkbuf_16)
                                                         clknet_0_clk (net)
                      0.263432    0.008400    0.349282 ^ clkbuf_3_4_0_clk/I (gf180mcu_fd_sc_mcu7t5v0__clkbuf_8)
     2    0.066419    0.186478    0.325575    0.674857 ^ clkbuf_3_4_0_clk/Z (gf180mcu_fd_sc_mcu7t5v0__clkbuf_8)
                                                         clknet_3_4_0_clk (net)
                      0.186483    0.001782    0.676639 ^ clkbuf_4_8__f_clk/I (gf180mcu_fd_sc_mcu7t5v0__clkbuf_16)
     5    0.155907    0.209014    0.328554    1.005193 ^ clkbuf_4_8__f_clk/Z (gf180mcu_fd_sc_mcu7t5v0__clkbuf_16)
                                                         clknet_4_8__leaf_clk (net)
                      0.209059    0.003581    1.008773 ^ clkbuf_leaf_54_clk/I (gf180mcu_fd_sc_mcu7t5v0__clkbuf_8)
    15    0.111543    0.268525    0.366337    1.375110 ^ clkbuf_leaf_54_clk/Z (gf180mcu_fd_sc_mcu7t5v0__clkbuf_8)
                                                         clknet_leaf_54_clk (net)
                      0.268532    0.002071    1.377181 ^ _14873_/CLK (gf180mcu_fd_sc_mcu7t5v0__dffrnq_1)
     1    0.005209    0.115979    0.722688    2.099868 v _14873_/Q (gf180mcu_fd_sc_mcu7t5v0__dffrnq_1)
                                                         fir_inst.control.cnt[0] (net)
                      0.115979    0.000113    2.099982 v fanout363/I (gf180mcu_fd_sc_mcu7t5v0__dlyb_1)
     2    0.025553    0.395759    1.156240    3.256221 v fanout363/Z (gf180mcu_fd_sc_mcu7t5v0__dlyb_1)
                                                         net363 (net)
                      0.395759    0.001245    3.257466 v wire364/I (gf180mcu_fd_sc_mcu7t5v0__buf_2)
     3    0.048380    0.268450    0.427897    3.685363 v wire364/Z (gf180mcu_fd_sc_mcu7t5v0__buf_2)
                                                         net364 (net)
                      0.268491    0.001858    3.687222 v max_length852/I (gf180mcu_fd_sc_mcu7t5v0__clkbuf_1)
     3    0.038483    0.617824    0.559881    4.247103 v max_length852/Z (gf180mcu_fd_sc_mcu7t5v0__clkbuf_1)
                                                         net851 (net)
                      0.617829    0.000983    4.248086 v fanout355/I (gf180mcu_fd_sc_mcu7t5v0__dlyb_1)
     6    0.064524    0.727488    1.601081    5.849167 v fanout355/Z (gf180mcu_fd_sc_mcu7t5v0__dlyb_1)
                                                         net355 (net)
                      0.727504    0.002235    5.851402 v fanout354/I (gf180mcu_fd_sc_mcu7t5v0__dlyb_1)
     9    0.096788    1.010781    1.836975    7.688376 v fanout354/Z (gf180mcu_fd_sc_mcu7t5v0__dlyb_1)
                                                         net354 (net)
                      1.010781    0.000992    7.689368 v fanout353/I (gf180mcu_fd_sc_mcu7t5v0__dlyb_1)
    10    0.080090    0.864014    1.830713    9.520082 v fanout353/Z (gf180mcu_fd_sc_mcu7t5v0__dlyb_1)
                                                         net353 (net)
                      0.864037    0.002541    9.522623 v _06836_/A1 (gf180mcu_fd_sc_mcu7t5v0__nor2_1)
     2    0.018277    0.697092    0.619441   10.142064 ^ _06836_/ZN (gf180mcu_fd_sc_mcu7t5v0__nor2_1)
                                                         _01299_ (net)
                      0.697092    0.000237   10.142302 ^ max_cap247/I (gf180mcu_fd_sc_mcu7t5v0__buf_2)
     6    0.051232    0.447459    0.442356   10.584658 ^ max_cap247/Z (gf180mcu_fd_sc_mcu7t5v0__buf_2)
                                                         net247 (net)
                      0.447498    0.002292   10.586950 ^ _06837_/A2 (gf180mcu_fd_sc_mcu7t5v0__nand2_1)
     9    0.091846    1.451710    0.891479   11.478429 v _06837_/ZN (gf180mcu_fd_sc_mcu7t5v0__nand2_1)
                                                         _01300_ (net)
                      1.451746    0.004024   11.482453 v _06849_/A2 (gf180mcu_fd_sc_mcu7t5v0__nor2_1)
     3    0.041612    1.379256    1.061718   12.544171 ^ _06849_/ZN (gf180mcu_fd_sc_mcu7t5v0__nor2_1)
                                                         _01312_ (net)
                      1.379256    0.001416   12.545588 ^ _06915_/A1 (gf180mcu_fd_sc_mcu7t5v0__nand2_1)
     3    0.030650    0.712647    0.509880   13.055468 v _06915_/ZN (gf180mcu_fd_sc_mcu7t5v0__nand2_1)
                                                         _01378_ (net)
                      0.712658    0.001512   13.056979 v _07065_/I (gf180mcu_fd_sc_mcu7t5v0__buf_1)
     4    0.057890    0.589893    0.758129   13.815107 v _07065_/Z (gf180mcu_fd_sc_mcu7t5v0__buf_1)
                                                         _01527_ (net)
                      0.589896    0.000816   13.815924 v wire694/I (gf180mcu_fd_sc_mcu7t5v0__buf_2)
     7    0.064602    0.343772    0.529665   14.345589 v wire694/Z (gf180mcu_fd_sc_mcu7t5v0__buf_2)
                                                         net693 (net)
                      0.343793    0.001543   14.347132 v _07154_/A1 (gf180mcu_fd_sc_mcu7t5v0__and3_1)
     1    0.005000    0.150367    0.366159   14.713290 v _07154_/Z (gf180mcu_fd_sc_mcu7t5v0__and3_1)
                                                         _01615_ (net)
                      0.150367    0.000094   14.713385 v _07171_/A3 (gf180mcu_fd_sc_mcu7t5v0__oai31_1)
     1    0.023773    1.445525    0.934312   15.647696 ^ _07171_/ZN (gf180mcu_fd_sc_mcu7t5v0__oai31_1)
                                                         _01632_ (net)
                      1.445525    0.001132   15.648829 ^ wire680/I (gf180mcu_fd_sc_mcu7t5v0__dlyb_1)
     1    0.024656    0.457942    1.074254   16.723082 ^ wire680/Z (gf180mcu_fd_sc_mcu7t5v0__dlyb_1)
                                                         net679 (net)
                      0.457942    0.001169   16.724251 ^ _07172_/A2 (gf180mcu_fd_sc_mcu7t5v0__nand2_1)
     4    0.025158    0.575552    0.317458   17.041710 v _07172_/ZN (gf180mcu_fd_sc_mcu7t5v0__nand2_1)
                                                         _01633_ (net)
                      0.575552    0.000366   17.042074 v _07270_/A1 (gf180mcu_fd_sc_mcu7t5v0__and3_1)
     6    0.040146    0.461427    0.679519   17.721594 v _07270_/Z (gf180mcu_fd_sc_mcu7t5v0__and3_1)
                                                         _01729_ (net)
                      0.461433    0.000965   17.722559 v _07364_/A1 (gf180mcu_fd_sc_mcu7t5v0__nand2_1)
     2    0.017352    0.441000    0.354412   18.076969 ^ _07364_/ZN (gf180mcu_fd_sc_mcu7t5v0__nand2_1)
                                                         _01822_ (net)
                      0.441000    0.000258   18.077227 ^ _07374_/S (gf180mcu_fd_sc_mcu7t5v0__mux2_2)
     1    0.006740    0.146982    0.415660   18.492887 v _07374_/Z (gf180mcu_fd_sc_mcu7t5v0__mux2_2)
                                                         _01831_ (net)
                      0.146982    0.000137   18.493025 v _07375_/B1 (gf180mcu_fd_sc_mcu7t5v0__oai22_1)
     1    0.004938    0.542351    0.328113   18.821136 ^ _07375_/ZN (gf180mcu_fd_sc_mcu7t5v0__oai22_1)
                                                         _01832_ (net)
                      0.542351    0.000057   18.821194 ^ _07376_/A4 (gf180mcu_fd_sc_mcu7t5v0__nor4_1)
     2    0.013068    0.499352    0.405745   19.226938 v _07376_/ZN (gf180mcu_fd_sc_mcu7t5v0__nor4_1)
                                                         _01833_ (net)
                      0.499352    0.000231   19.227169 v _07446_/A1 (gf180mcu_fd_sc_mcu7t5v0__oai31_1)
     2    0.015042    1.060220    0.711044   19.938213 ^ _07446_/ZN (gf180mcu_fd_sc_mcu7t5v0__oai31_1)
                                                         _01902_ (net)
                      1.060220    0.000265   19.938478 ^ _07521_/A1 (gf180mcu_fd_sc_mcu7t5v0__aoi21_1)
     2    0.016334    0.478213    0.307129   20.245607 v _07521_/ZN (gf180mcu_fd_sc_mcu7t5v0__aoi21_1)
                                                         _01976_ (net)
                      0.478213    0.000355   20.245962 v _07584_/A1 (gf180mcu_fd_sc_mcu7t5v0__oai21_1)
     3    0.018748    0.709050    0.531321   20.777283 ^ _07584_/ZN (gf180mcu_fd_sc_mcu7t5v0__oai21_1)
                                                         _02038_ (net)
                      0.709050    0.000206   20.777489 ^ _07706_/A1 (gf180mcu_fd_sc_mcu7t5v0__oai221_1)
     1    0.004306    0.355886    0.253426   21.030914 v _07706_/ZN (gf180mcu_fd_sc_mcu7t5v0__oai221_1)
                                                         _02158_ (net)
                      0.355886    0.000048   21.030962 v _07708_/A1 (gf180mcu_fd_sc_mcu7t5v0__and2_1)
     3    0.017702    0.228629    0.408681   21.439644 v _07708_/Z (gf180mcu_fd_sc_mcu7t5v0__and2_1)
                                                         _02160_ (net)
                      0.228629    0.000151   21.439795 v _07829_/A1 (gf180mcu_fd_sc_mcu7t5v0__oai211_1)
     1    0.005942    0.442340    0.271786   21.711580 ^ _07829_/ZN (gf180mcu_fd_sc_mcu7t5v0__oai211_1)
                                                         _02279_ (net)
                      0.442340    0.000064   21.711645 ^ _07830_/B (gf180mcu_fd_sc_mcu7t5v0__oai21_1)
     2    0.012879    0.434339    0.264443   21.976088 v _07830_/ZN (gf180mcu_fd_sc_mcu7t5v0__oai21_1)
                                                         _02280_ (net)
                      0.434339    0.000112   21.976200 v _07887_/A1 (gf180mcu_fd_sc_mcu7t5v0__oai21_1)
     3    0.021809    0.775824    0.568040   22.544239 ^ _07887_/ZN (gf180mcu_fd_sc_mcu7t5v0__oai21_1)
                                                         _02336_ (net)
                      0.775824    0.000222   22.544460 ^ _07942_/A1 (gf180mcu_fd_sc_mcu7t5v0__aoi22_1)
     1    0.005119    0.417829    0.166141   22.710602 v _07942_/ZN (gf180mcu_fd_sc_mcu7t5v0__aoi22_1)
                                                         _02390_ (net)
                      0.417829    0.000105   22.710707 v _07943_/A2 (gf180mcu_fd_sc_mcu7t5v0__and2_1)
     1    0.008933    0.160904    0.388843   23.099550 v _07943_/Z (gf180mcu_fd_sc_mcu7t5v0__and2_1)
                                                         _02391_ (net)
                      0.160904    0.000234   23.099785 v _07944_/I (gf180mcu_fd_sc_mcu7t5v0__buf_1)
     1    0.008078    0.143453    0.284770   23.384554 v _07944_/Z (gf180mcu_fd_sc_mcu7t5v0__buf_1)
                                                         fir_inst.delay_line.sample_o[16] (net)
                      0.143453    0.000201   23.384754 v _14894_/D (gf180mcu_fd_sc_mcu7t5v0__dffrnq_1)
                                             23.384754   data arrival time

                                 62.500000   62.500000   clock clk (rise edge)
                                  0.000000   62.500000   clock source latency
     2    0.092162    0.000000    0.000000   62.500000 ^ clk (in)
                                                         clk (net)
                      0.026747    0.010942   62.510944 ^ clkbuf_0_clk/I (gf180mcu_fd_sc_mcu7t5v0__clkbuf_16)
     8    0.216852    0.263189    0.329941   62.840885 ^ clkbuf_0_clk/Z (gf180mcu_fd_sc_mcu7t5v0__clkbuf_16)
                                                         clknet_0_clk (net)
                      0.263597    0.010012   62.850895 ^ clkbuf_3_6_0_clk/I (gf180mcu_fd_sc_mcu7t5v0__clkbuf_8)
     2    0.075213    0.202173    0.335355   63.186253 ^ clkbuf_3_6_0_clk/Z (gf180mcu_fd_sc_mcu7t5v0__clkbuf_8)
                                                         clknet_3_6_0_clk (net)
                      0.202209    0.002885   63.189137 ^ clkbuf_4_12__f_clk/I (gf180mcu_fd_sc_mcu7t5v0__clkbuf_16)
     5    0.096917    0.155774    0.296737   63.485874 ^ clkbuf_4_12__f_clk/Z (gf180mcu_fd_sc_mcu7t5v0__clkbuf_16)
                                                         clknet_4_12__leaf_clk (net)
                      0.155775    0.000504   63.486378 ^ clkbuf_leaf_27_clk/I (gf180mcu_fd_sc_mcu7t5v0__clkbuf_8)
    18    0.105416    0.257438    0.348280   63.834656 ^ clkbuf_leaf_27_clk/Z (gf180mcu_fd_sc_mcu7t5v0__clkbuf_8)
                                                         clknet_leaf_27_clk (net)
                      0.257440    0.000895   63.835552 ^ _14894_/CLK (gf180mcu_fd_sc_mcu7t5v0__dffrnq_1)
                                 -0.250000   63.585556   clock uncertainty
                                  0.000000   63.585556   clock reconvergence pessimism
                                 -0.118896   63.466660   library setup time
                                             63.466660   data required time
---------------------------------------------------------------------------------------------
                                             63.466660   data required time
                                            -23.384754   data arrival time
---------------------------------------------------------------------------------------------
                                             40.081905   slack (MET)




===========================================================================
report_checks --slack_max -0.01
============================================================================
======================= nom_tt_025C_5v00 Corner ===================================

No paths found.


===========================================================================
 report_check_types -max_slew -max_cap -max_fanout -violators
============================================================================
======================= nom_tt_025C_5v00 Corner ===================================

max fanout

Pin                                   Limit Fanout  Slack
---------------------------------------------------------
clkbuf_leaf_30_clk/Z                     10     22    -12 (VIOLATED)
clkbuf_leaf_36_clk/Z                     10     21    -11 (VIOLATED)
clkbuf_leaf_39_clk/Z                     10     21    -11 (VIOLATED)
clkbuf_leaf_40_clk/Z                     10     21    -11 (VIOLATED)
clkbuf_leaf_68_clk/Z                     10     21    -11 (VIOLATED)
clkbuf_leaf_37_clk/Z                     10     20    -10 (VIOLATED)
clkbuf_leaf_38_clk/Z                     10     20    -10 (VIOLATED)
clkbuf_leaf_44_clk/Z                     10     20    -10 (VIOLATED)
clkbuf_leaf_45_clk/Z                     10     20    -10 (VIOLATED)
clkbuf_leaf_49_clk/Z                     10     20    -10 (VIOLATED)
clkbuf_leaf_52_clk/Z                     10     20    -10 (VIOLATED)
clkbuf_leaf_5_clk/Z                      10     20    -10 (VIOLATED)
clkbuf_leaf_69_clk/Z                     10     20    -10 (VIOLATED)
clkbuf_leaf_0_clk/Z                      10     19     -9 (VIOLATED)
clkbuf_leaf_10_clk/Z                     10     19     -9 (VIOLATED)
clkbuf_leaf_11_clk/Z                     10     19     -9 (VIOLATED)
clkbuf_leaf_15_clk/Z                     10     19     -9 (VIOLATED)
clkbuf_leaf_1_clk/Z                      10     19     -9 (VIOLATED)
clkbuf_leaf_2_clk/Z                      10     19     -9 (VIOLATED)
clkbuf_leaf_31_clk/Z                     10     19     -9 (VIOLATED)
clkbuf_leaf_35_clk/Z                     10     19     -9 (VIOLATED)
clkbuf_leaf_42_clk/Z                     10     19     -9 (VIOLATED)
clkbuf_leaf_43_clk/Z                     10     19     -9 (VIOLATED)
clkbuf_leaf_46_clk/Z                     10     19     -9 (VIOLATED)
clkbuf_leaf_47_clk/Z                     10     19     -9 (VIOLATED)
clkbuf_leaf_48_clk/Z                     10     19     -9 (VIOLATED)
clkbuf_leaf_4_clk/Z                      10     19     -9 (VIOLATED)
clkbuf_leaf_50_clk/Z                     10     19     -9 (VIOLATED)
clkbuf_leaf_60_clk/Z                     10     19     -9 (VIOLATED)
clkbuf_leaf_61_clk/Z                     10     19     -9 (VIOLATED)
clkbuf_leaf_62_clk/Z                     10     19     -9 (VIOLATED)
clkbuf_leaf_63_clk/Z                     10     19     -9 (VIOLATED)
clkbuf_leaf_64_clk/Z                     10     19     -9 (VIOLATED)
clkbuf_leaf_65_clk/Z                     10     19     -9 (VIOLATED)
clkbuf_leaf_67_clk/Z                     10     19     -9 (VIOLATED)
clkbuf_leaf_6_clk/Z                      10     19     -9 (VIOLATED)
clkbuf_leaf_70_clk/Z                     10     19     -9 (VIOLATED)
clkbuf_leaf_72_clk/Z                     10     19     -9 (VIOLATED)
clkbuf_leaf_73_clk/Z                     10     19     -9 (VIOLATED)
clkbuf_leaf_16_clk/Z                     10     18     -8 (VIOLATED)
clkbuf_leaf_20_clk/Z                     10     18     -8 (VIOLATED)
clkbuf_leaf_21_clk/Z                     10     18     -8 (VIOLATED)
clkbuf_leaf_22_clk/Z                     10     18     -8 (VIOLATED)
clkbuf_leaf_24_clk/Z                     10     18     -8 (VIOLATED)
clkbuf_leaf_25_clk/Z                     10     18     -8 (VIOLATED)
clkbuf_leaf_26_clk/Z                     10     18     -8 (VIOLATED)
clkbuf_leaf_27_clk/Z                     10     18     -8 (VIOLATED)
clkbuf_leaf_28_clk/Z                     10     18     -8 (VIOLATED)
clkbuf_leaf_29_clk/Z                     10     18     -8 (VIOLATED)
clkbuf_leaf_33_clk/Z                     10     18     -8 (VIOLATED)
clkbuf_leaf_34_clk/Z                     10     18     -8 (VIOLATED)
clkbuf_leaf_3_clk/Z                      10     18     -8 (VIOLATED)
clkbuf_leaf_51_clk/Z                     10     18     -8 (VIOLATED)
clkbuf_leaf_58_clk/Z                     10     18     -8 (VIOLATED)
clkbuf_leaf_66_clk/Z                     10     18     -8 (VIOLATED)
clkbuf_leaf_71_clk/Z                     10     18     -8 (VIOLATED)
clkbuf_leaf_7_clk/Z                      10     18     -8 (VIOLATED)
clkbuf_leaf_9_clk/Z                      10     18     -8 (VIOLATED)
clkbuf_leaf_41_clk/Z                     10     17     -7 (VIOLATED)
clkbuf_leaf_74_clk/Z                     10     17     -7 (VIOLATED)
clkbuf_leaf_8_clk/Z                      10     17     -7 (VIOLATED)
clkbuf_leaf_12_clk/Z                     10     16     -6 (VIOLATED)
clkbuf_leaf_18_clk/Z                     10     16     -6 (VIOLATED)
clkbuf_leaf_19_clk/Z                     10     16     -6 (VIOLATED)
clkbuf_leaf_23_clk/Z                     10     16     -6 (VIOLATED)
clkbuf_leaf_32_clk/Z                     10     16     -6 (VIOLATED)
clkbuf_leaf_55_clk/Z                     10     16     -6 (VIOLATED)
clkbuf_leaf_17_clk/Z                     10     15     -5 (VIOLATED)
clkbuf_leaf_53_clk/Z                     10     15     -5 (VIOLATED)
clkbuf_leaf_54_clk/Z                     10     15     -5 (VIOLATED)
clkbuf_leaf_57_clk/Z                     10     15     -5 (VIOLATED)
clkbuf_leaf_59_clk/Z                     10     15     -5 (VIOLATED)
clkbuf_leaf_56_clk/Z                     10     14     -4 (VIOLATED)
clkbuf_leaf_13_clk/Z                     10     13     -3 (VIOLATED)
clkbuf_leaf_14_clk/Z                     10     13     -3 (VIOLATED)



===========================================================================
report_parasitic_annotation -report_unannotated
============================================================================
Found 61 unannotated drivers.
 _14978_/Z
 _14979_/Z
 clkload0/Z
 clkload1/Z
 clkload10/Z
 clkload11/ZN
 clkload12/ZN
 clkload13/ZN
 clkload14/ZN
 clkload15/Z
 clkload16/Z
 clkload17/Z
 clkload18/ZN
 clkload19/ZN
 clkload2/Z
 clkload20/Z
 clkload21/ZN
 clkload22/ZN
 clkload23/Z
 clkload24/ZN
 clkload25/Z
 clkload26/ZN
 clkload27/Z
 clkload28/ZN
 clkload29/Z
 clkload3/Z
 clkload30/Z
 clkload31/ZN
 clkload32/Z
 clkload33/ZN
 clkload34/ZN
 clkload35/ZN
 clkload36/ZN
 clkload37/Z
 clkload38/Z
 clkload39/ZN
 clkload4/Z
 clkload40/ZN
 clkload41/Z
 clkload42/ZN
 clkload43/ZN
 clkload44/ZN
 clkload45/ZN
 clkload46/ZN
 clkload47/ZN
 clkload48/Z
 clkload49/Z
 clkload5/Z
 clkload50/ZN
 clkload51/Z
 clkload52/Z
 clkload53/Z
 clkload54/ZN
 clkload55/ZN
 clkload56/ZN
 clkload57/Z
 clkload58/ZN
 clkload6/Z
 clkload7/Z
 clkload8/ZN
 clkload9/Z
Found 0 partially unannotated drivers.

===========================================================================
max slew violation count 0
max fanout violation count 75
max cap violation count 0
============================================================================

===========================================================================
check_setup -verbose -unconstrained_endpoints -multiple_clock -no_clock -no_input_delay -loops -generated_clocks
===========================================================================
