Clock: clk
Sources: clk 
Generated: no
Virtual: yes
Propagated: no
Period: 62.500000

===========================================================================
report_clock_properties
============================================================================
Clock                   Period          Waveform
----------------------------------------------------
clk                  62.500000    0.000000 31.250000

===========================================================================
report_clock_latency
============================================================================
Clock clk
rise -> rise
    min     max
0.000000 0.000000 source latency
1.281035         network latency _14924_/CLK
        1.368481 network latency _14311_/CLK
---------------
1.281035 1.368481 latency
        0.087446 skew

fall -> fall
    min     max
0.000000 0.000000 source latency
1.340368         network latency _14924_/CLK
        1.440839 network latency _14311_/CLK
---------------
1.340368 1.440839 latency
        0.100471 skew



===========================================================================
report_clock_min_period
============================================================================
clk period_min = 21.58 fmax = 46.34
