Clock: clk
Sources: clk 
Generated: no
Virtual: yes
Propagated: no
Period: 62.500000

===========================================================================
report_clock_properties
============================================================================
Clock                   Period          Waveform
----------------------------------------------------
clk                  62.500000    0.000000 31.250000

===========================================================================
report_clock_latency
============================================================================
Clock clk
rise -> rise
    min     max
0.000000 0.000000 source latency
2.258112         network latency _14794_/CLK
        2.426374 network latency _14887_/CLK
---------------
2.258112 2.426374 latency
        0.168262 skew

fall -> fall
    min     max
0.000000 0.000000 source latency
2.362299         network latency _14794_/CLK
        2.553779 network latency _14887_/CLK
---------------
2.362299 2.553779 latency
        0.191481 skew



===========================================================================
report_clock_min_period
============================================================================
clk period_min = 39.91 fmax = 25.06
