
===========================================================================
 report_power
============================================================================
======================= min_ss_125C_4v50 Corner ===================================

Group                    Internal    Switching      Leakage        Total
                            Power        Power        Power        Power (Watts)
------------------------------------------------------------------------
Sequential           9.437567e-03 2.002528e-05 1.553169e-06 9.459145e-03  60.9%
Combinational        4.204376e-05 4.028127e-05 5.051633e-06 8.737666e-05   0.6%
Clock                2.800845e-03 3.185846e-03 9.917096e-06 5.996609e-03  38.6%
Macro                0.000000e+00 0.000000e+00 0.000000e+00 0.000000e+00   0.0%
Pad                  0.000000e+00 0.000000e+00 0.000000e+00 0.000000e+00   0.0%
------------------------------------------------------------------------
Total                1.228046e-02 3.246153e-03 1.652198e-05 1.554313e-02 100.0%
                            79.0%        20.9%         0.1%

