┏━━━━━━━━━━━━━━━━━━━━━━┳━━━━━━━━━━┳━━━━━━━━━━┳━━━━━━━━━━┳━━━━━━━━━━┳━━━━━━━━━━━┳━━━━━━━━━━┳━━━━━━━━━━━┳━━━━━━━━━━┳━━━━━━━━━━━┳━━━━━━━━━━┳━━━━━━━━━━━┳━━━━━━━━━━┓
┃                      ┃ Hold     ┃ Reg to   ┃          ┃          ┃ of which  ┃ Setup    ┃           ┃          ┃           ┃ of which ┃           ┃          ┃
┃                      ┃ Worst    ┃ Reg      ┃          ┃ Hold Vio ┃ reg to    ┃ Worst    ┃ Reg to    ┃ Setup    ┃ Setup Vio ┃ reg to   ┃ Max Cap   ┃ Max Slew ┃
┃ Corner/Group         ┃ Slack    ┃ Paths    ┃ Hold TNS ┃ Count    ┃ reg       ┃ Slack    ┃ Reg Paths ┃ TNS      ┃ Count     ┃ reg      ┃ Violatio… ┃ Violati… ┃
┡━━━━━━━━━━━━━━━━━━━━━━╇━━━━━━━━━━╇━━━━━━━━━━╇━━━━━━━━━━╇━━━━━━━━━━╇━━━━━━━━━━━╇━━━━━━━━━━╇━━━━━━━━━━━╇━━━━━━━━━━╇━━━━━━━━━━━╇━━━━━━━━━━╇━━━━━━━━━━━╇━━━━━━━━━━┩
│ Overall              │ 0.1320   │ 0.1320   │ 0.0000   │ 0        │ 0         │ 21.9397  │ 21.9397   │ 0.0000   │ 0         │ 0        │ 0         │ 2363     │
│ nom_tt_025C_5v00     │ 0.3805   │ 0.3805   │ 0.0000   │ 0        │ 0         │ 40.9201  │ 40.9201   │ 0.0000   │ 0         │ 0        │ 0         │ 0        │
│ nom_ss_125C_4v50     │ 0.9486   │ 0.9486   │ 0.0000   │ 0        │ 0         │ 23.5357  │ 23.5357   │ 0.0000   │ 0         │ 0        │ 0         │ 1842     │
│ nom_ff_n40C_5v50     │ 0.1371   │ 0.1371   │ 0.0000   │ 0        │ 0         │ 45.0289  │ 48.6805   │ 0.0000   │ 0         │ 0        │ 0         │ 0        │
│ min_tt_025C_5v00     │ 0.3731   │ 0.3731   │ 0.0000   │ 0        │ 0         │ 41.6950  │ 41.6950   │ 0.0000   │ 0         │ 0        │ 0         │ 0        │
│ min_ss_125C_4v50     │ 0.9355   │ 0.9355   │ 0.0000   │ 0        │ 0         │ 24.8325  │ 24.8326   │ 0.0000   │ 0         │ 0        │ 0         │ 1461     │
│ min_ff_n40C_5v50     │ 0.1320   │ 0.1320   │ 0.0000   │ 0        │ 0         │ 45.1181  │ 49.2095   │ 0.0000   │ 0         │ 0        │ 0         │ 0        │
│ max_tt_025C_5v00     │ 0.3867   │ 0.3867   │ 0.0000   │ 0        │ 0         │ 39.9734  │ 39.9734   │ 0.0000   │ 0         │ 0        │ 0         │ 2        │
│ max_ss_125C_4v50     │ 0.9586   │ 0.9586   │ 0.0000   │ 0        │ 0         │ 21.9397  │ 21.9397   │ 0.0000   │ 0         │ 0        │ 0         │ 2363     │
│ max_ff_n40C_5v50     │ 0.1415   │ 0.1415   │ 0.0000   │ 0        │ 0         │ 44.9237  │ 48.0514   │ 0.0000   │ 0         │ 0        │ 0         │ 0        │
└──────────────────────┴──────────┴──────────┴──────────┴──────────┴───────────┴──────────┴───────────┴──────────┴───────────┴──────────┴───────────┴──────────┘
