Clock: clk
Sources: clk 
Generated: no
Virtual: yes
Propagated: no
Period: 62.500000

===========================================================================
report_clock_properties
============================================================================
Clock                   Period          Waveform
----------------------------------------------------
clk                  62.500000    0.000000 31.250000

===========================================================================
report_clock_latency
============================================================================
Clock clk
rise -> rise
    min     max
0.000000 0.000000 source latency
0.833567         network latency _14924_/CLK
        0.891617 network latency _14311_/CLK
---------------
0.833567 0.891617 latency
        0.058050 skew

fall -> fall
    min     max
0.000000 0.000000 source latency
0.866240         network latency _14924_/CLK
        0.931177 network latency _14311_/CLK
---------------
0.866240 0.931177 latency
        0.064937 skew



===========================================================================
report_clock_min_period
============================================================================
clk period_min = 13.82 fmax = 72.36
