
===========================================================================
 report_power
============================================================================
======================= nom_ff_n40C_5v50 Corner ===================================

Group                    Internal    Switching      Leakage        Total
                            Power        Power        Power        Power (Watts)
------------------------------------------------------------------------
Sequential           1.423220e-02 3.371063e-05 6.673413e-07 1.426658e-02  60.1%
Combinational        6.593834e-05 5.672186e-05 1.277788e-06 1.239380e-04   0.5%
Clock                4.433030e-03 4.895017e-03 1.141927e-06 9.329189e-03  39.3%
Macro                0.000000e+00 0.000000e+00 0.000000e+00 0.000000e+00   0.0%
Pad                  0.000000e+00 0.000000e+00 0.000000e+00 0.000000e+00   0.0%
------------------------------------------------------------------------
Total                1.873117e-02 4.985450e-03 3.087089e-06 2.371970e-02 100.0%
                            79.0%        21.0%         0.0%

